Component: Arm Compiler for Embedded 6.18 Tool: armlink [5e4cc100]

==============================================================================

Section Cross References

    startup_stm32f103xb.o(STACK) refers (Special) to heapauxi.o(.text) for __use_two_region_memory
    startup_stm32f103xb.o(HEAP) refers (Special) to heapauxi.o(.text) for __use_two_region_memory
    startup_stm32f103xb.o(RESET) refers (Special) to heapauxi.o(.text) for __use_two_region_memory
    startup_stm32f103xb.o(RESET) refers to startup_stm32f103xb.o(STACK) for __initial_sp
    startup_stm32f103xb.o(RESET) refers to startup_stm32f103xb.o(.text) for Reset_Handler
    startup_stm32f103xb.o(RESET) refers to stm32f1xx_it.o(.text.NMI_Handler) for NMI_Handler
    startup_stm32f103xb.o(RESET) refers to stm32f1xx_it.o(.text.HardFault_Handler) for HardFault_Handler
    startup_stm32f103xb.o(RESET) refers to stm32f1xx_it.o(.text.MemManage_Handler) for MemManage_Handler
    startup_stm32f103xb.o(RESET) refers to stm32f1xx_it.o(.text.BusFault_Handler) for BusFault_Handler
    startup_stm32f103xb.o(RESET) refers to stm32f1xx_it.o(.text.UsageFault_Handler) for UsageFault_Handler
    startup_stm32f103xb.o(RESET) refers to stm32f1xx_it.o(.text.SVC_Handler) for SVC_Handler
    startup_stm32f103xb.o(RESET) refers to stm32f1xx_it.o(.text.DebugMon_Handler) for DebugMon_Handler
    startup_stm32f103xb.o(RESET) refers to stm32f1xx_it.o(.text.PendSV_Handler) for PendSV_Handler
    startup_stm32f103xb.o(RESET) refers to stm32f1xx_it.o(.text.SysTick_Handler) for SysTick_Handler
    startup_stm32f103xb.o(RESET) refers to stm32f1xx_it.o(.text.DMA1_Channel3_IRQHandler) for DMA1_Channel3_IRQHandler
    startup_stm32f103xb.o(RESET) refers to stm32f1xx_it.o(.text.DMA1_Channel4_IRQHandler) for DMA1_Channel4_IRQHandler
    startup_stm32f103xb.o(RESET) refers to stm32f1xx_it.o(.text.DMA1_Channel7_IRQHandler) for DMA1_Channel7_IRQHandler
    startup_stm32f103xb.o(RESET) refers to stm32f1xx_it.o(.text.TIM4_IRQHandler) for TIM4_IRQHandler
    startup_stm32f103xb.o(RESET) refers to stm32f1xx_it.o(.text.I2C1_EV_IRQHandler) for I2C1_EV_IRQHandler
    startup_stm32f103xb.o(RESET) refers to stm32f1xx_it.o(.text.I2C1_ER_IRQHandler) for I2C1_ER_IRQHandler
    startup_stm32f103xb.o(RESET) refers to stm32f1xx_it.o(.text.SPI1_IRQHandler) for SPI1_IRQHandler
    startup_stm32f103xb.o(RESET) refers to stm32f1xx_it.o(.text.USART1_IRQHandler) for USART1_IRQHandler
    startup_stm32f103xb.o(.text) refers (Special) to heapauxi.o(.text) for __use_two_region_memory
    startup_stm32f103xb.o(.text) refers to system_stm32f1xx_1.o(.text.SystemInit) for SystemInit
    startup_stm32f103xb.o(.text) refers to __main.o(!!!main) for __main
    startup_stm32f103xb.o(.text) refers to startup_stm32f103xb.o(HEAP) for Heap_Mem
    startup_stm32f103xb.o(.text) refers to startup_stm32f103xb.o(STACK) for Stack_Mem
    main.o(.text.main) refers to stm32f1xx_hal.o(.text.HAL_Init) for HAL_Init
    main.o(.text.main) refers to stm32f1xx_hal_rcc.o(.text.HAL_RCC_OscConfig) for HAL_RCC_OscConfig
    main.o(.text.main) refers to stm32f1xx_hal_rcc.o(.text.HAL_RCC_ClockConfig) for HAL_RCC_ClockConfig
    main.o(.text.main) refers to stm32f1xx_hal_gpio.o(.text.HAL_GPIO_WritePin) for HAL_GPIO_WritePin
    main.o(.text.main) refers to stm32f1xx_hal_gpio.o(.text.HAL_GPIO_Init) for HAL_GPIO_Init
    main.o(.text.main) refers to stm32f1xx_hal_cortex.o(.text.HAL_NVIC_SetPriority) for HAL_NVIC_SetPriority
    main.o(.text.main) refers to stm32f1xx_hal_cortex.o(.text.HAL_NVIC_EnableIRQ) for HAL_NVIC_EnableIRQ
    main.o(.text.main) refers to main.o(.bss.hi2c1) for hi2c1
    main.o(.text.main) refers to stm32f1xx_hal_i2c.o(.text.HAL_I2C_Init) for HAL_I2C_Init
    main.o(.text.main) refers to main.o(.bss..L_MergedGlobals.1) for .L_MergedGlobals.1
    main.o(.text.main) refers to stm32f1xx_hal_uart.o(.text.HAL_UART_Init) for HAL_UART_Init
    main.o(.text.main) refers to main.o(.bss.htim4) for htim4
    main.o(.text.main) refers to stm32f1xx_hal_tim.o(.text.HAL_TIM_Base_Init) for HAL_TIM_Base_Init
    main.o(.text.main) refers to stm32f1xx_hal_tim.o(.text.HAL_TIM_ConfigClockSource) for HAL_TIM_ConfigClockSource
    main.o(.text.main) refers to stm32f1xx_hal_tim_ex.o(.text.HAL_TIMEx_MasterConfigSynchronization) for HAL_TIMEx_MasterConfigSynchronization
    main.o(.text.main) refers to main.o(.bss.hspi1) for hspi1
    main.o(.text.main) refers to stm32f1xx_hal_spi.o(.text.HAL_SPI_Init) for HAL_SPI_Init
    main.o(.text.main) refers to main.o(.bss.htim3) for htim3
    main.o(.text.main) refers to stm32f1xx_hal_tim.o(.text.HAL_TIM_PWM_Init) for HAL_TIM_PWM_Init
    main.o(.text.main) refers to stm32f1xx_hal_tim.o(.text.HAL_TIM_PWM_ConfigChannel) for HAL_TIM_PWM_ConfigChannel
    main.o(.text.main) refers to stm32f1xx_hal_msp.o(.text.HAL_TIM_MspPostInit) for HAL_TIM_MspPostInit
    main.o(.text.main) refers to micros.o(.text.microsInit) for microsInit
[...]
    _mutex_acquire                            - Undefined Weak Reference
    _mutex_free                               - Undefined Weak Reference
    _mutex_release                            - Undefined Weak Reference
    _printf_truncate_signed                   - Undefined Weak Reference
    _printf_truncate_unsigned                 - Undefined Weak Reference
    _signal_finish                            - Undefined Weak Reference
    _signal_init                              - Undefined Weak Reference
    _terminateio                              - Undefined Weak Reference
    __Vectors_Size                           0x000000ec   Number         0  startup_stm32f103xb.o ABSOLUTE
    __Vectors                                0x08000000   Data           4  startup_stm32f103xb.o(RESET)
    __Vectors_End                            0x080000ec   Data           0  startup_stm32f103xb.o(RESET)
    __main                                   0x080000ed   Thumb Code     8  __main.o(!!!main)
    __scatterload                            0x080000f5   Thumb Code     0  __scatter.o(!!!scatter)
    __scatterload_rt2                        0x080000f5   Thumb Code    44  __scatter.o(!!!scatter)
    __scatterload_rt2_thumb_only             0x080000f5   Thumb Code     0  __scatter.o(!!!scatter)
    __scatterload_null                       0x08000103   Thumb Code     0  __scatter.o(!!!scatter)
    __scatterload_copy                       0x08000129   Thumb Code    26  __scatter_copy.o(!!handler_copy)
    __scatterload_zeroinit                   0x08000145   Thumb Code    28  __scatter_zi.o(!!handler_zi)
    __rt_lib_init                            0x08000161   Thumb Code     0  libinit.o(.ARM.Collect$$libinit$$00000000)
    __rt_lib_init_fp_1                       0x08000163   Thumb Code     0  libinit2.o(.ARM.Collect$$libinit$$00000002)
    __rt_lib_init_heap_2                     0x08000163   Thumb Code     0  libinit2.o(.ARM.Collect$$libinit$$00000007)
    __rt_lib_init_preinit_1                  0x08000163   Thumb Code     0  libinit2.o(.ARM.Collect$$libinit$$00000006)
    __rt_lib_init_relocate_pie_1             0x08000163   Thumb Code     0  libinit2.o(.ARM.Collect$$libinit$$00000004)
    __rt_lib_init_alloca_1                   0x0800016b   Thumb Code     0  libinit2.o(.ARM.Collect$$libinit$$00000030)
    __rt_lib_init_argv_1                     0x0800016b   Thumb Code     0  libinit2.o(.ARM.Collect$$libinit$$0000002E)
    __rt_lib_init_atexit_1                   0x0800016b   Thumb Code     0  libinit2.o(.ARM.Collect$$libinit$$0000001D)
    __rt_lib_init_clock_1                    0x0800016b   Thumb Code     0  libinit2.o(.ARM.Collect$$libinit$$00000023)
    __rt_lib_init_cpp_1                      0x0800016b   Thumb Code     0  libinit2.o(.ARM.Collect$$libinit$$00000034)
    __rt_lib_init_exceptions_1               0x0800016b   Thumb Code     0  libinit2.o(.ARM.Collect$$libinit$$00000032)
    __rt_lib_init_fp_trap_1                  0x0800016b   Thumb Code     0  libinit2.o(.ARM.Collect$$libinit$$00000021)
    __rt_lib_init_getenv_1                   0x0800016b   Thumb Code     0  libinit2.o(.ARM.Collect$$libinit$$00000025)
    __rt_lib_init_heap_1                     0x0800016b   Thumb Code     0  libinit2.o(.ARM.Collect$$libinit$$0000000C)
    __rt_lib_init_lc_collate_1               0x0800016b   Thumb Code     0  libinit2.o(.ARM.Collect$$libinit$$00000013)
    __rt_lib_init_lc_ctype_1                 0x0800016b   Thumb Code     0  libinit2.o(.ARM.Collect$$libinit$$00000015)
    __rt_lib_init_lc_monetary_1              0x0800016b   Thumb Code     0  libinit2.o(.ARM.Collect$$libinit$$00000017)
    __rt_lib_init_lc_numeric_1               0x0800016b   Thumb Code     0  libinit2.o(.ARM.Collect$$libinit$$00000019)
    __rt_lib_init_lc_time_1                  0x0800016b   Thumb Code     0  libinit2.o(.ARM.Collect$$libinit$$0000001B)
    __rt_lib_init_rand_1                     0x0800016b   Thumb Code     0  libinit2.o(.ARM.Collect$$libinit$$00000010)
    __rt_lib_init_return                     0x0800016b   Thumb Code     0  libinit2.o(.ARM.Collect$$libinit$$00000035)
    __rt_lib_init_signal_1                   0x0800016b   Thumb Code     0  libinit2.o(.ARM.Collect$$libinit$$0000001F)
    __rt_lib_init_stdio_1                    0x0800016b   Thumb Code     0  libinit2.o(.ARM.Collect$$libinit$$00000027)
    __rt_lib_init_user_alloc_1               0x0800016b   Thumb Code     0  libinit2.o(.ARM.Collect$$libinit$$0000000E)
    __rt_lib_shutdown                        0x0800016d   Thumb Code     0  libshutdown.o(.ARM.Collect$$libshutdown$$00000000)
    __rt_lib_shutdown_cpp_1                  0x0800016f   Thumb Code     0  libshutdown2.o(.ARM.Collect$$libshutdown$$00000002)
    __rt_lib_shutdown_fp_trap_1              0x0800016f   Thumb Code     0  libshutdown2.o(.ARM.Collect$$libshutdown$$00000007)
    __rt_lib_shutdown_heap_1                 0x0800016f   Thumb Code     0  libshutdown2.o(.ARM.Collect$$libshutdown$$0000000F)
    __rt_lib_shutdown_return                 0x0800016f   Thumb Code     0  libshutdown2.o(.ARM.Collect$$libshutdown$$00000010)
    __rt_lib_shutdown_signal_1               0x0800016f   Thumb Code     0  libshutdown2.o(.ARM.Collect$$libshutdown$$0000000A)
    __rt_lib_shutdown_stdio_1                0x0800016f   Thumb Code     0  libshutdown2.o(.ARM.Collect$$libshutdown$$00000004)
    __rt_lib_shutdown_user_alloc_1           0x0800016f   Thumb Code     0  libshutdown2.o(.ARM.Collect$$libshutdown$$0000000C)
    __rt_entry                               0x08000171   Thumb Code     0  __rtentry.o(.ARM.Collect$$rtentry$$00000000)
    __rt_entry_presh_1                       0x08000171   Thumb Code     0  __rtentry2.o(.ARM.Collect$$rtentry$$00000002)
    __rt_entry_sh                            0x08000171   Thumb Code     0  __rtentry4.o(.ARM.Collect$$rtentry$$00000004)
    __rt_entry_li                            0x08000177   Thumb Code     0  __rtentry2.o(.ARM.Collect$$rtentry$$0000000A)
    __rt_entry_postsh_1                      0x08000177   Thumb Code     0  __rtentry2.o(.ARM.Collect$$rtentry$$00000009)
    __rt_entry_main                          0x0800017b   Thumb Code     0  __rtentry2.o(.ARM.Collect$$rtentry$$0000000D)
    __rt_entry_postli_1                      0x0800017b   Thumb Code     0  __rtentry2.o(.ARM.Collect$$rtentry$$0000000C)
    __rt_exit                                0x08000183   Thumb Code     0  rtexit.o(.ARM.Collect$$rtexit$$00000000)
    __rt_exit_ls                             0x08000185   Thumb Code     0  rtexit2.o(.ARM.Collect$$rtexit$$00000003)
    __rt_exit_prels_1                        0x08000185   Thumb Code     0  rtexit2.o(.ARM.Collect$$rtexit$$00000002)
    __rt_exit_exit                           0x08000189   Thumb Code     0  rtexit2.o(.ARM.Collect$$rtexit$$00000004)
    Reset_Handler                            0x08000191   Thumb Code     8  startup_stm32f103xb.o(.text)
    ADC1_2_IRQHandler                        0x080001ab   Thumb Code     0  startup_stm32f103xb.o(.text)
    CAN1_RX1_IRQHandler                      0x080001ab   Thumb Code     0  startup_stm32f103xb.o(.text)
    CAN1_SCE_IRQHandler                      0x080001ab   Thumb Code     0  startup_stm32f103xb.o(.text)
    DMA1_Channel1_IRQHandler                 0x080001ab   Thumb Code     0  startup_stm32f103xb.o(.text)
    DMA1_Channel2_IRQHandler                 0x080001ab   Thumb Code     0  startup_stm32f103xb.o(.text)
    DMA1_Channel5_IRQHandler                 0x080001ab   Thumb Code     0  startup_stm32f103xb.o(.text)
    DMA1_Channel6_IRQHandler                 0x080001ab   Thumb Code     0  startup_stm32f103xb.o(.text)
    EXTI0_IRQHandler                         0x080001ab   Thumb Code     0  startup_stm32f103xb.o(.text)
    EXTI15_10_IRQHandler                     0x080001ab   Thumb Code     0  startup_stm32f103xb.o(.text)
    EXTI1_IRQHandler                         0x080001ab   Thumb Code     0  startup_stm32f103xb.o(.text)
    EXTI2_IRQHandler                         0x080001ab   Thumb Code     0  startup_stm32f103xb.o(.text)
    EXTI3_IRQHandler                         0x080001ab   Thumb Code     0  startup_stm32f103xb.o(.text)
    EXTI4_IRQHandler                         0x080001ab   Thumb Code     0  startup_stm32f103xb.o(.text)
    EXTI9_5_IRQHandler                       0x080001ab   Thumb Code     0  startup_stm32f103xb.o(.text)
    FLASH_IRQHandler                         0x080001ab   Thumb Code     0  startup_stm32f103xb.o(.text)
    I2C2_ER_IRQHandler                       0x080001ab   Thumb Code     0  startup_stm32f103xb.o(.text)
    I2C2_EV_IRQHandler                       0x080001ab   Thumb Code     0  startup_stm32f103xb.o(.text)
    PVD_IRQHandler                           0x080001ab   Thumb Code     0  startup_stm32f103xb.o(.text)
    RCC_IRQHandler                           0x080001ab   Thumb Code     0  startup_stm32f103xb.o(.text)
    RTC_Alarm_IRQHandler                     0x080001ab   Thumb Code     0  startup_stm32f103xb.o(.text)
    RTC_IRQHandler                           0x080001ab   Thumb Code     0  startup_stm32f103xb.o(.text)
    SPI2_IRQHandler                          0x080001ab   Thumb Code     0  startup_stm32f103xb.o(.text)
    TAMPER_IRQHandler                        0x080001ab   Thumb Code     0  startup_stm32f103xb.o(.text)
    TIM1_BRK_IRQHandler                      0x080001ab   Thumb Code     0  startup_stm32f103xb.o(.text)
    TIM1_CC_IRQHandler                       0x080001ab   Thumb Code     0  startup_stm32f103xb.o(.text)
    TIM1_TRG_COM_IRQHandler                  0x080001ab   Thumb Code     0  startup_stm32f103xb.o(.text)
    TIM1_UP_IRQHandler                       0x080001ab   Thumb Code     0  startup_stm32f103xb.o(.text)
    TIM2_IRQHandler                          0x080001ab   Thumb Code     0  startup_stm32f103xb.o(.text)
    TIM3_IRQHandler                          0x080001ab   Thumb Code     0  startup_stm32f103xb.o(.text)
    USART2_IRQHandler                        0x080001ab   Thumb Code     0  startup_stm32f103xb.o(.text)
    USART3_IRQHandler                        0x080001ab   Thumb Code     0  startup_stm32f103xb.o(.text)
    USBWakeUp_IRQHandler                     0x080001ab   Thumb Code     0  startup_stm32f103xb.o(.text)
    USB_HP_CAN1_TX_IRQHandler                0x080001ab   Thumb Code     0  startup_stm32f103xb.o(.text)
    USB_LP_CAN1_RX0_IRQHandler               0x080001ab   Thumb Code     0  startup_stm32f103xb.o(.text)
    WWDG_IRQHandler                          0x080001ab   Thumb Code     0  startup_stm32f103xb.o(.text)
    __user_initial_stackheap                 0x080001ad   Thumb Code     0  startup_stm32f103xb.o(.text)
    malloc                                   0x080001d1   Thumb Code    94  h1_alloc.o(.text)
    __aeabi_memcpy4                          0x0800022f   Thumb Code     0  rt_memcpy_w.o(.text)
    __aeabi_memcpy8                          0x0800022f   Thumb Code     0  rt_memcpy_w.o(.text)
    __rt_memcpy_w                            0x0800022f   Thumb Code   100  rt_memcpy_w.o(.text)
    _memcpy_lastbytes_aligned                0x08000277   Thumb Code     0  rt_memcpy_w.o(.text)
    __use_two_region_memory                  0x08000293   Thumb Code     2  heapauxi.o(.text)
    __rt_heap_escrow                         0x08000295   Thumb Code     2  heapauxi.o(.text)
    __rt_heap_expand                         0x08000297   Thumb Code     2  heapauxi.o(.text)
    __rt_heap_descriptor                     0x08000299   Thumb Code     8  rt_heap_descriptor_intlibspace.o(.text)
    __use_no_heap                            0x080002a1   Thumb Code     2  hguard.o(.text)
    __heap$guard                             0x080002a3   Thumb Code     2  hguard.o(.text)
    _terminate_user_alloc                    0x080002a5   Thumb Code     2  init_alloc.o(.text)
    _init_user_alloc                         0x080002a7   Thumb Code     2  init_alloc.o(.text)
    __Heap_Full                              0x080002a9   Thumb Code    34  init_alloc.o(.text)
    __Heap_Broken                            0x080002cb   Thumb Code     6  init_alloc.o(.text)
    _init_alloc                              0x080002d1   Thumb Code    94  init_alloc.o(.text)
    __Heap_Initialize                        0x0800032f   Thumb Code    10  h1_init.o(.text)
    __Heap_DescSize                          0x08000339   Thumb Code     4  h1_init.o(.text)
    free                                     0x0800033d   Thumb Code    78  h1_free.o(.text)
    __read_errno                             0x0800038b   Thumb Code    10  _rserrno.o(.text)
    __set_errno                              0x08000395   Thumb Code    12  _rserrno.o(.text)
    __user_libspace                          0x080003a1   Thumb Code     8  libspace.o(.text)
    __user_perproc_libspace                  0x080003a1   Thumb Code     0  libspace.o(.text)
    __user_perthread_libspace                0x080003a1   Thumb Code     0  libspace.o(.text)
    __aeabi_errno_addr                       0x080003a9   Thumb Code     8  rt_errno_addr_intlibspace.o(.text)
    __errno$intlibspace                      0x080003a9   Thumb Code     0  rt_errno_addr_intlibspace.o(.text)
    __rt_errno_addr$intlibspace              0x080003a9   Thumb Code     0  rt_errno_addr_intlibspace.o(.text)
    __Heap_ProvideMemory                     0x080003b1   Thumb Code    52  h1_extend.o(.text)
    _maybe_terminate_alloc                   0x080003b1   Thumb Code     0  maybetermalloc1.o(.text)
    __rt_SIGRTMEM                            0x080003e5   Thumb Code    14  defsig_rtmem_outer.o(.text)
    __I$use$semihosting                      0x080003f3   Thumb Code     0  use_no_semi.o(.text)
    __use_no_semihosting_swi                 0x080003f3   Thumb Code     2  use_no_semi.o(.text)
    __semihosting_library_function           0x080003f5   Thumb Code     0  indicate_semi.o(.text)
    __user_setup_stackheap                   0x080003f5   Thumb Code    74  sys_stackheap_outer.o(.text)
    exit                                     0x0800043f   Thumb Code    18  exit.o(.text)
    __sig_exit                               0x08000451   Thumb Code    10  defsig_exit.o(.text)
    __rt_SIGRTMEM_inner                      0x0800045d   Thumb Code    22  defsig_rtmem_inner.o(.text)
    _sys_exit                                0x080004ad   Thumb Code     8  sys_exit.o(.text)
    __default_signal_display                 0x080004b9   Thumb Code    50  defsig_general.o(.text)
    _ttywrch                                 0x080004eb   Thumb Code    14  sys_wrch.o(.text)
    BusFault_Handler                         0x080004f9   Thumb Code     2  stm32f1xx_it.o(.text.BusFault_Handler)
    DMA1_Channel3_IRQHandler                 0x080004fd   Thumb Code    12  stm32f1xx_it.o(.text.DMA1_Channel3_IRQHandler)
    DMA1_Channel4_IRQHandler                 0x08000509   Thumb Code    12  stm32f1xx_it.o(.text.DMA1_Channel4_IRQHandler)
    DMA1_Channel7_IRQHandler                 0x08000515   Thumb Code    12  stm32f1xx_it.o(.text.DMA1_Channel7_IRQHandler)
    DebugMon_Handler                         0x08000521   Thumb Code     2  stm32f1xx_it.o(.text.DebugMon_Handler)
    Error_Handler                            0x08000525   Thumb Code    10  main.o(.text.Error_Handler)
    HAL_DMA_Abort                            0x08000531   Thumb Code    70  stm32f1xx_hal_dma.o(.text.HAL_DMA_Abort)
    HAL_DMA_Abort_IT                         0x08000579   Thumb Code   170  stm32f1xx_hal_dma.o(.text.HAL_DMA_Abort_IT)
    HAL_DMA_GetState                         0x08000625   Thumb Code     6  stm32f1xx_hal_dma.o(.text.HAL_DMA_GetState)
    HAL_DMA_IRQHandler                       0x0800062d   Thumb Code   412  stm32f1xx_hal_dma.o(.text.HAL_DMA_IRQHandler)
    HAL_DMA_Init                             0x080007c9   Thumb Code   118  stm32f1xx_hal_dma.o(.text.HAL_DMA_Init)
    HAL_DMA_Start_IT                         0x08000841   Thumb Code   156  stm32f1xx_hal_dma.o(.text.HAL_DMA_Start_IT)
    HAL_Delay                                0x080008dd   Thumb Code    40  stm32f1xx_hal.o(.text.HAL_Delay)
    HAL_GPIO_Init                            0x08000905   Thumb Code   530  stm32f1xx_hal_gpio.o(.text.HAL_GPIO_Init)
    HAL_GPIO_TogglePin                       0x08000b19   Thumb Code    16  stm32f1xx_hal_gpio.o(.text.HAL_GPIO_TogglePin)
    HAL_GPIO_WritePin                        0x08000b29   Thumb Code    10  stm32f1xx_hal_gpio.o(.text.HAL_GPIO_WritePin)
    HAL_GetTick                              0x08000b35   Thumb Code    12  stm32f1xx_hal.o(.text.HAL_GetTick)
    HAL_I2C_AbortCpltCallback                0x08000b41   Thumb Code     2  stm32f1xx_hal_i2c.o(.text.HAL_I2C_AbortCpltCallback)
    HAL_I2C_AddrCallback                     0x08000b45   Thumb Code     2  stm32f1xx_hal_i2c.o(.text.HAL_I2C_AddrCallback)
    HAL_I2C_ER_IRQHandler                    0x08000b49   Thumb Code   332  stm32f1xx_hal_i2c.o(.text.HAL_I2C_ER_IRQHandler)
    HAL_I2C_EV_IRQHandler                    0x08000c95   Thumb Code  1632  stm32f1xx_hal_i2c.o(.text.HAL_I2C_EV_IRQHandler)
    HAL_I2C_ErrorCallback                    0x080012f5   Thumb Code     2  stm32f1xx_hal_i2c.o(.text.HAL_I2C_ErrorCallback)
    HAL_I2C_Init                             0x080012f9   Thumb Code   374  stm32f1xx_hal_i2c.o(.text.HAL_I2C_Init)
    HAL_I2C_ListenCpltCallback               0x08001471   Thumb Code     2  stm32f1xx_hal_i2c.o(.text.HAL_I2C_ListenCpltCallback)
    HAL_I2C_MasterRxCpltCallback             0x08001475   Thumb Code     2  stm32f1xx_hal_i2c.o(.text.HAL_I2C_MasterRxCpltCallback)
    HAL_I2C_MasterTxCpltCallback             0x08001479   Thumb Code     2  stm32f1xx_hal_i2c.o(.text.HAL_I2C_MasterTxCpltCallback)
    HAL_I2C_MemRxCpltCallback                0x0800147d   Thumb Code     2  stm32f1xx_hal_i2c.o(.text.HAL_I2C_MemRxCpltCallback)
    HAL_I2C_MemTxCpltCallback                0x08001481   Thumb Code     2  stm32f1xx_hal_i2c.o(.text.HAL_I2C_MemTxCpltCallback)
    HAL_I2C_Mem_Read                         0x08001485   Thumb Code  1078  stm32f1xx_hal_i2c.o(.text.HAL_I2C_Mem_Read)
    HAL_I2C_Mem_Read_IT                      0x080018bd   Thumb Code   304  stm32f1xx_hal_i2c.o(.text.HAL_I2C_Mem_Read_IT)
    HAL_I2C_Mem_Write                        0x080019ed   Thumb Code   474  stm32f1xx_hal_i2c.o(.text.HAL_I2C_Mem_Write)
    HAL_I2C_MspInit                          0x08001bc9   Thumb Code   208  stm32f1xx_hal_msp.o(.text.HAL_I2C_MspInit)
    HAL_I2C_SlaveRxCpltCallback              0x08001c99   Thumb Code     2  stm32f1xx_hal_i2c.o(.text.HAL_I2C_SlaveRxCpltCallback)
    HAL_I2C_SlaveTxCpltCallback              0x08001c9d   Thumb Code     2  stm32f1xx_hal_i2c.o(.text.HAL_I2C_SlaveTxCpltCallback)
    HAL_IncTick                              0x08001ca1   Thumb Code    26  stm32f1xx_hal.o(.text.HAL_IncTick)
    HAL_Init                                 0x08001cbd   Thumb Code    38  stm32f1xx_hal.o(.text.HAL_Init)
    HAL_InitTick                             0x08001ce5   Thumb Code    72  stm32f1xx_hal.o(.text.HAL_InitTick)
    HAL_MspInit                              0x08001d2d   Thumb Code    66  stm32f1xx_hal_msp.o(.text.HAL_MspInit)
    HAL_NVIC_EnableIRQ                       0x08001d71   Thumb Code    32  stm32f1xx_hal_cortex.o(.text.HAL_NVIC_EnableIRQ)
    HAL_NVIC_SetPriority                     0x08001d91   Thumb Code    86  stm32f1xx_hal_cortex.o(.text.HAL_NVIC_SetPriority)
    HAL_NVIC_SetPriorityGrouping             0x08001de9   Thumb Code    32  stm32f1xx_hal_cortex.o(.text.HAL_NVIC_SetPriorityGrouping)
    HAL_RCC_ClockConfig                      0x08001e09   Thumb Code   446  stm32f1xx_hal_rcc.o(.text.HAL_RCC_ClockConfig)
    HAL_RCC_GetPCLK1Freq                     0x08001fc9   Thumb Code    38  stm32f1xx_hal_rcc.o(.text.HAL_RCC_GetPCLK1Freq)
    HAL_RCC_GetPCLK2Freq                     0x08001ff1   Thumb Code    38  stm32f1xx_hal_rcc.o(.text.HAL_RCC_GetPCLK2Freq)
    HAL_RCC_OscConfig                        0x08002019   Thumb Code   948  stm32f1xx_hal_rcc.o(.text.HAL_RCC_OscConfig)
    HAL_SPI_ErrorCallback                    0x080023cd   Thumb Code    46  st7735.o(.text.HAL_SPI_ErrorCallback)
    HAL_SPI_IRQHandler                       0x080023fd   Thumb Code   264  stm32f1xx_hal_spi.o(.text.HAL_SPI_IRQHandler)
    HAL_SPI_Init                             0x08002505   Thumb Code   172  stm32f1xx_hal_spi.o(.text.HAL_SPI_Init)
    HAL_SPI_MspInit                          0x080025b1   Thumb Code   164  stm32f1xx_hal_msp.o(.text.HAL_SPI_MspInit)
    HAL_SPI_Transmit                         0x08002655   Thumb Code   470  stm32f1xx_hal_spi.o(.text.HAL_SPI_Transmit)
    HAL_SPI_Transmit_DMA                     0x0800282d   Thumb Code   226  stm32f1xx_hal_spi.o(.text.HAL_SPI_Transmit_DMA)
    HAL_SPI_TxCpltCallback                   0x08002911   Thumb Code    44  st7735.o(.text.HAL_SPI_TxCpltCallback)
    HAL_SPI_TxHalfCpltCallback               0x0800293d   Thumb Code     2  stm32f1xx_hal_spi.o(.text.HAL_SPI_TxHalfCpltCallback)
    HAL_SYSTICK_Config                       0x08002941   Thumb Code    44  stm32f1xx_hal_cortex.o(.text.HAL_SYSTICK_Config)
    HAL_TIMEx_BreakCallback                  0x0800296d   Thumb Code     2  stm32f1xx_hal_tim_ex.o(.text.HAL_TIMEx_BreakCallback)
    HAL_TIMEx_CommutCallback                 0x08002971   Thumb Code     2  stm32f1xx_hal_tim_ex.o(.text.HAL_TIMEx_CommutCallback)
    HAL_TIMEx_MasterConfigSynchronization    0x08002975   Thumb Code   122  stm32f1xx_hal_tim_ex.o(.text.HAL_TIMEx_MasterConfigSynchronization)
    HAL_TIM_Base_Init                        0x080029f1   Thumb Code   236  stm32f1xx_hal_tim.o(.text.HAL_TIM_Base_Init)
    HAL_TIM_Base_MspInit                     0x08002add   Thumb Code   108  stm32f1xx_hal_msp.o(.text.HAL_TIM_Base_MspInit)
    HAL_TIM_Base_Start_IT                    0x08002b49   Thumb Code   110  stm32f1xx_hal_tim.o(.text.HAL_TIM_Base_Start_IT)
    HAL_TIM_ConfigClockSource                0x08002bb9   Thumb Code   402  stm32f1xx_hal_tim.o(.text.HAL_TIM_ConfigClockSource)
    HAL_TIM_IC_CaptureCallback               0x08002d4d   Thumb Code     2  stm32f1xx_hal_tim.o(.text.HAL_TIM_IC_CaptureCallback)
    HAL_TIM_IRQHandler                       0x08002d51   Thumb Code   368  stm32f1xx_hal_tim.o(.text.HAL_TIM_IRQHandler)
    HAL_TIM_MspPostInit                      0x08002ec1   Thumb Code    76  stm32f1xx_hal_msp.o(.text.HAL_TIM_MspPostInit)
    HAL_TIM_OC_DelayElapsedCallback          0x08002f0d   Thumb Code     2  stm32f1xx_hal_tim.o(.text.HAL_TIM_OC_DelayElapsedCallback)
    HAL_TIM_PWM_ConfigChannel                0x08002f11   Thumb Code   498  stm32f1xx_hal_tim.o(.text.HAL_TIM_PWM_ConfigChannel)
    HAL_TIM_PWM_Init                         0x08003105   Thumb Code   236  stm32f1xx_hal_tim.o(.text.HAL_TIM_PWM_Init)
    HAL_TIM_PWM_MspInit                      0x080031f1   Thumb Code     2  stm32f1xx_hal_tim.o(.text.HAL_TIM_PWM_MspInit)
    HAL_TIM_PWM_PulseFinishedCallback        0x080031f5   Thumb Code     2  stm32f1xx_hal_tim.o(.text.HAL_TIM_PWM_PulseFinishedCallback)
    HAL_TIM_PWM_Start                        0x080031f9   Thumb Code   222  stm32f1xx_hal_tim.o(.text.HAL_TIM_PWM_Start)
    HAL_TIM_PeriodElapsedCallback            0x080032d9   Thumb Code     2  stm32f1xx_hal_tim.o(.text.HAL_TIM_PeriodElapsedCallback)
    HAL_TIM_TriggerCallback                  0x080032dd   Thumb Code     2  stm32f1xx_hal_tim.o(.text.HAL_TIM_TriggerCallback)
    HAL_UARTEx_RxEventCallback               0x080032e1   Thumb Code     2  stm32f1xx_hal_uart.o(.text.HAL_UARTEx_RxEventCallback)
    HAL_UART_ErrorCallback                   0x080032e5   Thumb Code     2  stm32f1xx_hal_uart.o(.text.HAL_UART_ErrorCallback)
    HAL_UART_IRQHandler                      0x080032e9   Thumb Code   620  stm32f1xx_hal_uart.o(.text.HAL_UART_IRQHandler)
    HAL_UART_Init                            0x08003555   Thumb Code   220  stm32f1xx_hal_uart.o(.text.HAL_UART_Init)
    HAL_UART_MspInit                         0x08003631   Thumb Code   188  stm32f1xx_hal_msp.o(.text.HAL_UART_MspInit)
    HAL_UART_RxCpltCallback                  0x080036ed   Thumb Code     2  stm32f1xx_hal_uart.o(.text.HAL_UART_RxCpltCallback)
    HAL_UART_Transmit_DMA                    0x080036f1   Thumb Code   124  stm32f1xx_hal_uart.o(.text.HAL_UART_Transmit_DMA)
    HAL_UART_TxCpltCallback                  0x0800376d   Thumb Code     2  stm32f1xx_hal_uart.o(.text.HAL_UART_TxCpltCallback)
    HAL_UART_TxHalfCpltCallback              0x08003771   Thumb Code     2  stm32f1xx_hal_uart.o(.text.HAL_UART_TxHalfCpltCallback)
    HardFault_Handler                        0x08003775   Thumb Code     2  stm32f1xx_it.o(.text.HardFault_Handler)
    I2C1_ER_IRQHandler                       0x08003779   Thumb Code    12  stm32f1xx_it.o(.text.I2C1_ER_IRQHandler)
    I2C1_EV_IRQHandler                       0x08003785   Thumb Code    22  stm32f1xx_it.o(.text.I2C1_EV_IRQHandler)
    MPU9255_ACC_GYRO_isReady                 0x0800469d   Thumb Code    16  mpu9255.o(.text.MPU9255_ACC_GYRO_isReady)
    MPU9255_IT                               0x080046ad   Thumb Code    50  mpu9255.o(.text.MPU9255_IT)
    MPU9255_MAG_isReady                      0x080046e1   Thumb Code    16  mpu9255.o(.text.MPU9255_MAG_isReady)
    MPU9255_cycle                            0x080046f1   Thumb Code  1038  mpu9255.o(.text.MPU9255_cycle)
    MPU9255setup                             0x08004b01   Thumb Code   338  mpu9255.o(.text.MPU9255setup)
    MemManage_Handler                        0x08004c55   Thumb Code     2  stm32f1xx_it.o(.text.MemManage_Handler)
    NMI_Handler                              0x08004c59   Thumb Code     2  stm32f1xx_it.o(.text.NMI_Handler)
    PendSV_Handler                           0x08004c5d   Thumb Code     2  stm32f1xx_it.o(.text.PendSV_Handler)
    SPI1_IRQHandler                          0x08004c61   Thumb Code    12  stm32f1xx_it.o(.text.SPI1_IRQHandler)
    ST7735_DrawCircle                        0x08004e05   Thumb Code   742  st7735.o(.text.ST7735_DrawCircle)
    ST7735_DrawLine                          0x080050ed   Thumb Code   498  st7735.o(.text.ST7735_DrawLine)
    ST7735_FillCircle                        0x080053ed   Thumb Code    52  st7735.o(.text.ST7735_FillCircle)
    ST7735_FillCircleHelper                  0x08005421   Thumb Code   790  st7735.o(.text.ST7735_FillCircleHelper)
    ST7735_FillRectangle                     0x08005739   Thumb Code   456  st7735.o(.text.ST7735_FillRectangle)
    ST7735_FillScreen                        0x08005901   Thumb Code    34  st7735.o(.text.ST7735_FillScreen)
    ST7735_Init                              0x08005925   Thumb Code   108  st7735.o(.text.ST7735_Init)
    ST7735_SetBacklight                      0x08005ba9   Thumb Code   176  st7735.o(.text.ST7735_SetBacklight)
    ST7735_SetRotation                       0x08005c59   Thumb Code   546  st7735.o(.text.ST7735_SetRotation)
    SVC_Handler                              0x08005e7d   Thumb Code     2  stm32f1xx_it.o(.text.SVC_Handler)
    SysTick_Handler                          0x08005e81   Thumb Code     4  stm32f1xx_it.o(.text.SysTick_Handler)
    SystemInit                               0x08005e85   Thumb Code     2  system_stm32f1xx_1.o(.text.SystemInit)
    TIM4_IRQHandler                          0x08005e89   Thumb Code    22  stm32f1xx_it.o(.text.TIM4_IRQHandler)
    USART1_IRQHandler                        0x08006001   Thumb Code    12  stm32f1xx_it.o(.text.USART1_IRQHandler)
    UsageFault_Handler                       0x0800600d   Thumb Code     2  stm32f1xx_it.o(.text.UsageFault_Handler)
    _swap_int16_t                            0x08006011   Thumb Code    10  common.o(.text._swap_int16_t)
    initState                                0x0800601d   Thumb Code   328  main.o(.text.initState)
    main                                     0x08006165   Thumb Code  1806  main.o(.text.main)
    matrixCross                              0x08006875   Thumb Code   148  matrix.o(.text.matrixCross)
    matrixDot                                0x08006909   Thumb Code    80  matrix.o(.text.matrixDot)
    matrixEye                                0x08006959   Thumb Code   100  matrix.o(.text.matrixEye)
    matrixMultiply                           0x080069bd   Thumb Code  1198  matrix.o(.text.matrixMultiply)
    matrixMultiplyByNumb                     0x08006e6d   Thumb Code   194  matrix.o(.text.matrixMultiplyByNumb)
    matrixNormVec                            0x08006f31   Thumb Code   270  matrix.o(.text.matrixNormVec)
    matrixRot3D                              0x08007041   Thumb Code   406  matrix.o(.text.matrixRot3D)
    matrixRotArbVec                          0x080071d9   Thumb Code   502  matrix.o(.text.matrixRotArbVec)
    matrixRotZ                               0x080073d1   Thumb Code    96  matrix.o(.text.matrixRotZ)
    matrixSE                                 0x08007431   Thumb Code    32  matrix.o(.text.matrixSE)
    matrixSum                                0x08007451   Thumb Code   362  matrix.o(.text.matrixSum)
    matrixVecLen                             0x080075bd   Thumb Code   118  matrix.o(.text.matrixVecLen)
    matrixZeroes                             0x08007635   Thumb Code   102  matrix.o(.text.matrixZeroes)
    micros                                   0x0800769d   Thumb Code    26  micros.o(.text.micros)
    microsIT                                 0x080076b9   Thumb Code    28  micros.o(.text.microsIT)
    microsInit                               0x080076d5   Thumb Code    60  micros.o(.text.microsInit)
    microsStart                              0x08007711   Thumb Code    34  micros.o(.text.microsStart)
    microsUpdate                             0x08007735   Thumb Code    48  micros.o(.text.microsUpdate)
    moveBall                                 0x08007765   Thumb Code   760  main.o(.text.moveBall)
    renewConcentricLines                     0x08007a5d   Thumb Code   124  main.o(.text.renewConcentricLines)
    restoreVertical                          0x08007ad9   Thumb Code   272  main.o(.text.restoreVertical)
    transmitBasis                            0x08007be9   Thumb Code   198  main.o(.text.transmitBasis)
    __ARM_fpclassify                         0x08007caf   Thumb Code    40  fpclassify.o(i.__ARM_fpclassify)
    __ieee754_rem_pio2                       0x08007cd9   Thumb Code   828  rred.o(i.__ieee754_rem_pio2)
    __kernel_cos                             0x08008061   Thumb Code   230  cos_i.o(i.__kernel_cos)
    __kernel_poly                            0x0800815d   Thumb Code   170  poly.o(i.__kernel_poly)
    __kernel_sin                             0x08008209   Thumb Code   224  sin_i.o(i.__kernel_sin)
    __mathlib_dbl_infnan                     0x080082f5   Thumb Code     6  dunder.o(i.__mathlib_dbl_infnan)
    __mathlib_dbl_invalid                    0x080082fb   Thumb Code    12  dunder.o(i.__mathlib_dbl_invalid)
    __mathlib_dbl_underflow                  0x08008309   Thumb Code    10  dunder.o(i.__mathlib_dbl_underflow)
    acos                                     0x08008319   Thumb Code   574  acos.o(i.acos)
    cos                                      0x08008595   Thumb Code   148  cos.o(i.cos)
    sin                                      0x08008631   Thumb Code   150  sin.o(i.sin)
    sqrt                                     0x080086d1   Thumb Code    76  sqrt.o(i.sqrt)
    sqrtf                                    0x0800871d   Thumb Code    44  sqrtf.o(i.sqrtf)
    __aeabi_d2f                              0x08008749   Thumb Code     0  d2f.o(x$fpl$d2f)
    _d2f                                     0x08008749   Thumb Code    98  d2f.o(x$fpl$d2f)
    __aeabi_dadd                             0x080087ad   Thumb Code     0  daddsub_clz.o(x$fpl$dadd)
    _dadd                                    0x080087ad   Thumb Code   332  daddsub_clz.o(x$fpl$dadd)
    __fpl_dcheck_NaN1                        0x080088fd   Thumb Code    10  dcheck1.o(x$fpl$dcheck1)
    __fpl_dcmp_Inf                           0x0800890d   Thumb Code    24  dcmpi.o(x$fpl$dcmpinf)
    __aeabi_ddiv                             0x08008925   Thumb Code     0  ddiv.o(x$fpl$ddiv)
    _ddiv                                    0x08008925   Thumb Code   556  ddiv.o(x$fpl$ddiv)
    __aeabi_cdcmpeq                          0x08008bd9   Thumb Code     0  deqf.o(x$fpl$deqf)
    _dcmpeq                                  0x08008bd9   Thumb Code   120  deqf.o(x$fpl$deqf)
    __aeabi_d2iz                             0x08008c51   Thumb Code     0  dfix.o(x$fpl$dfix)
    _dfix                                    0x08008c51   Thumb Code    94  dfix.o(x$fpl$dfix)
    __aeabi_i2d                              0x08008caf   Thumb Code     0  dflt_clz.o(x$fpl$dflt)
    _dflt                                    0x08008caf   Thumb Code    46  dflt_clz.o(x$fpl$dflt)
    __aeabi_ui2d                             0x08008cdd   Thumb Code     0  dflt_clz.o(x$fpl$dfltu)
    _dfltu                                   0x08008cdd   Thumb Code    38  dflt_clz.o(x$fpl$dfltu)
    __aeabi_cdcmpge                          0x08008d05   Thumb Code     0  dgeqf.o(x$fpl$dgeqf)
    _dcmpge                                  0x08008d05   Thumb Code   120  dgeqf.o(x$fpl$dgeqf)
    __aeabi_cdcmple                          0x08008d7d   Thumb Code     0  dleqf.o(x$fpl$dleqf)
    _dcmple                                  0x08008d7d   Thumb Code   120  dleqf.o(x$fpl$dleqf)
    __fpl_dcmple_InfNaN                      0x08008ddf   Thumb Code     0  dleqf.o(x$fpl$dleqf)
    __aeabi_dmul                             0x08008df5   Thumb Code     0  dmul.o(x$fpl$dmul)
    _dmul                                    0x08008df5   Thumb Code   332  dmul.o(x$fpl$dmul)
    __fpl_dnaninf                            0x08008f49   Thumb Code   156  dnaninf.o(x$fpl$dnaninf)
    __fpl_dretinf                            0x08008fe5   Thumb Code    12  dretinf.o(x$fpl$dretinf)
    __aeabi_drsub                            0x08008ff1   Thumb Code     0  daddsub_clz.o(x$fpl$drsb)
    _drsb                                    0x08008ff1   Thumb Code    22  daddsub_clz.o(x$fpl$drsb)
    _dsqrt                                   0x08009009   Thumb Code   456  dsqrt_noumaal.o(x$fpl$dsqrt)
    __aeabi_dsub                             0x080091d5   Thumb Code     0  daddsub_clz.o(x$fpl$dsub)
    _dsub                                    0x080091d5   Thumb Code   472  daddsub_clz.o(x$fpl$dsub)
    __aeabi_f2d                              0x080093b1   Thumb Code     0  f2d.o(x$fpl$f2d)
    _f2d                                     0x080093b1   Thumb Code    86  f2d.o(x$fpl$f2d)
    __aeabi_fadd                             0x08009409   Thumb Code     0  faddsub_clz.o(x$fpl$fadd)
    _fadd                                    0x08009409   Thumb Code   196  faddsub_clz.o(x$fpl$fadd)
    __aeabi_dcmpeq                           0x080094cd   Thumb Code     0  dcmp.o(x$fpl$fcmp)
    _deq                                     0x080094cd   Thumb Code    14  dcmp.o(x$fpl$fcmp)
    _dneq                                    0x080094db   Thumb Code    14  dcmp.o(x$fpl$fcmp)
    __aeabi_dcmpgt                           0x080094e9   Thumb Code     0  dcmp.o(x$fpl$fcmp)
    _dgr                                     0x080094e9   Thumb Code    14  dcmp.o(x$fpl$fcmp)
    __aeabi_dcmpge                           0x080094f7   Thumb Code     0  dcmp.o(x$fpl$fcmp)
    _dgeq                                    0x080094f7   Thumb Code    14  dcmp.o(x$fpl$fcmp)
    __aeabi_dcmple                           0x08009505   Thumb Code     0  dcmp.o(x$fpl$fcmp)
    _dleq                                    0x08009505   Thumb Code    14  dcmp.o(x$fpl$fcmp)
    __aeabi_dcmplt                           0x08009513   Thumb Code     0  dcmp.o(x$fpl$fcmp)
    _dls                                     0x08009513   Thumb Code    14  dcmp.o(x$fpl$fcmp)
    __aeabi_fcmpeq                           0x08009521   Thumb Code     0  fcmp.o(x$fpl$fcmp)
    _feq                                     0x08009521   Thumb Code    14  fcmp.o(x$fpl$fcmp)
    _fneq                                    0x0800952f   Thumb Code    14  fcmp.o(x$fpl$fcmp)
    __aeabi_fcmpgt                           0x0800953d   Thumb Code     0  fcmp.o(x$fpl$fcmp)
    _fgr                                     0x0800953d   Thumb Code    14  fcmp.o(x$fpl$fcmp)
    __aeabi_fcmpge                           0x0800954b   Thumb Code     0  fcmp.o(x$fpl$fcmp)
    _fgeq                                    0x0800954b   Thumb Code    14  fcmp.o(x$fpl$fcmp)
    __aeabi_fcmple                           0x08009559   Thumb Code     0  fcmp.o(x$fpl$fcmp)
    _fleq                                    0x08009559   Thumb Code    14  fcmp.o(x$fpl$fcmp)
    __aeabi_fcmplt                           0x08009567   Thumb Code     0  fcmp.o(x$fpl$fcmp)
    _fls                                     0x08009567   Thumb Code    14  fcmp.o(x$fpl$fcmp)
    __fpl_fcmp_Inf                           0x08009575   Thumb Code    24  fcmpi.o(x$fpl$fcmpinf)
    __aeabi_fdiv                             0x0800958d   Thumb Code     0  fdiv.o(x$fpl$fdiv)
    _fdiv                                    0x0800958d   Thumb Code   384  fdiv.o(x$fpl$fdiv)
    __aeabi_cfcmpeq                          0x08009711   Thumb Code     0  feqf.o(x$fpl$feqf)
    _fcmpeq                                  0x08009711   Thumb Code   104  feqf.o(x$fpl$feqf)
    __aeabi_f2iz                             0x08009779   Thumb Code     0  ffix.o(x$fpl$ffix)
    _ffix                                    0x08009779   Thumb Code    54  ffix.o(x$fpl$ffix)
    __aeabi_i2f                              0x080097b1   Thumb Code     0  fflt_clz.o(x$fpl$fflt)
    _fflt                                    0x080097b1   Thumb Code    48  fflt_clz.o(x$fpl$fflt)
    __aeabi_ul2f                             0x080097e1   Thumb Code     0  ffltll_clz.o(x$fpl$ffltll)
    _ll_uto_f                                0x080097e1   Thumb Code     6  ffltll_clz.o(x$fpl$ffltll)
    __aeabi_l2f                              0x080097e7   Thumb Code     0  ffltll_clz.o(x$fpl$ffltll)
    _ll_sto_f                                0x080097e7   Thumb Code    90  ffltll_clz.o(x$fpl$ffltll)
    __aeabi_ui2f                             0x08009841   Thumb Code     0  fflt_clz.o(x$fpl$ffltu)
    _ffltu                                   0x08009841   Thumb Code    38  fflt_clz.o(x$fpl$ffltu)
    _fcmpge                                  0x08009869   Thumb Code   104  fgeqf.o(x$fpl$fgeqf)
    __aeabi_cfcmple                          0x080098d1   Thumb Code     0  fleqf.o(x$fpl$fleqf)
    _fcmple                                  0x080098d1   Thumb Code   104  fleqf.o(x$fpl$fleqf)
    __fpl_fcmple_InfNaN                      0x08009923   Thumb Code     0  fleqf.o(x$fpl$fleqf)
    __aeabi_fmul                             0x08009939   Thumb Code     0  fmul.o(x$fpl$fmul)
    _fmul                                    0x08009939   Thumb Code   258  fmul.o(x$fpl$fmul)
    __fpl_fnaninf                            0x08009a3b   Thumb Code   140  fnaninf.o(x$fpl$fnaninf)
    __fpl_fretinf                            0x08009ac7   Thumb Code    10  fretinf.o(x$fpl$fretinf)
    _fsqrt                                   0x08009ad1   Thumb Code   272  fsqrt.o(x$fpl$fsqrt)
    __aeabi_fsub                             0x08009be1   Thumb Code     0  faddsub_clz.o(x$fpl$fsub)
    _fsub                                    0x08009be1   Thumb Code   234  faddsub_clz.o(x$fpl$fsub)
    __fpl_return_NaN                         0x08009ccb   Thumb Code   100  retnan.o(x$fpl$retnan)
    __ARM_scalbn                             0x08009d2f   Thumb Code    92  scalbn.o(x$fpl$scalbn)
    __fpl_cmpreturn                          0x08009d8b   Thumb Code    48  trapv.o(x$fpl$trapveneer)
    __I$use$fp                               0x08009dba   Number         0  usenofp.o(x$fpl$usenofp)
    AHBPrescTable                            0x08009f3a   Data          16  system_stm32f1xx_1.o(.rodata.AHBPrescTable)
    APBPrescTable                            0x08009f4a   Data           8  system_stm32f1xx_1.o(.rodata.APBPrescTable)
    Region$$Table$$Base                      0x08009fd8   Number         0  anon$$obj.o(Region$$Table)
    Region$$Table$$Limit                     0x08009ff8   Number         0  anon$$obj.o(Region$$Table)
    uwTickFreq                               0x20000008   Data           1  stm32f1xx_hal.o(.data..L_MergedGlobals)
    uwTickPrio                               0x2000000c   Data           4  stm32f1xx_hal.o(.data..L_MergedGlobals)
    SystemCoreClock                          0x20000010   Data           4  system_stm32f1xx_1.o(.data.SystemCoreClock)
    __libspace_start                         0x20000018   Data          96  libspace.o(.bss)
    __temporary_stack_top$libspace           0x20000078   Data           0  libspace.o(.bss)
    accGyroMagOverload                       0x20000078   Data           1  main.o(.bss..L_MergedGlobals)
    ACx                                      0x2000007c   Data           4  main.o(.bss..L_MergedGlobals)
    ACy                                      0x20000080   Data           4  main.o(.bss..L_MergedGlobals)
    ACz                                      0x20000084   Data           4  main.o(.bss..L_MergedGlobals)
    GYx                                      0x20000088   Data           4  main.o(.bss..L_MergedGlobals)
    GYy                                      0x2000008c   Data           4  main.o(.bss..L_MergedGlobals)
    GYz                                      0x20000090   Data           4  main.o(.bss..L_MergedGlobals)
    MAGx                                     0x20000094   Data           4  main.o(.bss..L_MergedGlobals)
    MAGy                                     0x20000098   Data           4  main.o(.bss..L_MergedGlobals)
    MAGz                                     0x2000009c   Data           4  main.o(.bss..L_MergedGlobals)
    accTotal                                 0x200000a4   Data           4  main.o(.bss..L_MergedGlobals)
    magTotal                                 0x200000a8   Data           4  main.o(.bss..L_MergedGlobals)
    ball                                     0x20000150   Data          12  main.o(.bss..L_MergedGlobals.1)
    cyclePeriod                              0x20000160   Data          16  main.o(.bss..L_MergedGlobals.1)
    accGyroPeriod                            0x20000170   Data          16  main.o(.bss..L_MergedGlobals.1)
    huart1                                   0x20000180   Data          68  main.o(.bss..L_MergedGlobals.1)
    _width                                   0x200001c6   Data           2  st7735.o(.bss..L_MergedGlobals.1)
    _height                                  0x200001c8   Data           2  st7735.o(.bss..L_MergedGlobals.1)
    hdma_i2c1_rx                             0x200011cc   Data          68  main.o(.bss.hdma_i2c1_rx)
    hdma_spi1_tx                             0x20001210   Data          68  main.o(.bss.hdma_spi1_tx)
    hdma_usart1_tx                           0x20001254   Data          68  main.o(.bss.hdma_usart1_tx)
    hi2c1                                    0x20001298   Data          84  main.o(.bss.hi2c1)
    hspi1                                    0x200012ec   Data          88  main.o(.bss.hspi1)
    htim3                                    0x20001344   Data          72  main.o(.bss.htim3)
    htim4                                    0x2000138c   Data          72  main.o(.bss.htim4)
    uwTick                                   0x200013d4   Data           4  stm32f1xx_hal.o(.bss.uwTick)



==============================================================================

Memory Map of the image

  Image Entry point : 0x080000ed

  Load Region LR_IROM1 (Base: 0x08000000, Size: 0x0000a010, Max: 0x00010000, ABSOLUTE)

    Execution Region ER_IROM1 (Exec base: 0x08000000, Load base: 0x08000000, Size: 0x00009ff8, Max: 0x00010000, ABSOLUTE)

    Exec Addr    Load Addr    Size         Type   Attr      Idx    E Section Name        Object

    0x08000000   0x08000000   0x000000ec   Data   RO            3    RESET               startup_stm32f103xb.o
    0x080000ec   0x080000ec   0x00000008   Code   RO         1525  * !!!main             c_w.l(__main.o)
    0x080000f4   0x080000f4   0x00000034   Code   RO         1895    !!!scatter          c_w.l(__scatter.o)
    0x08000128   0x08000128   0x0000001a   Code   RO         1897    !!handler_copy      c_w.l(__scatter_copy.o)
    0x08000142   0x08000142   0x00000002   PAD
    0x08000144   0x08000144   0x0000001c   Code   RO         1899    !!handler_zi        c_w.l(__scatter_zi.o)
    0x08000160   0x08000160   0x00000002   Code   RO         1826    .ARM.Collect$$libinit$$00000000  c_w.l(libinit.o)
    0x08000162   0x08000162   0x00000000   Code   RO         1636    .ARM.Collect$$libinit$$00000002  c_w.l(libinit2.o)
    0x08000162   0x08000162   0x00000000   Code   RO         1638    .ARM.Collect$$libinit$$00000004  c_w.l(libinit2.o)
    0x08000162   0x08000162   0x00000000   Code   RO         1640    .ARM.Collect$$libinit$$00000006  c_w.l(libinit2.o)
    0x08000162   0x08000162   0x00000008   Code   RO         1641    .ARM.Collect$$libinit$$00000007  c_w.l(libinit2.o)
    0x0800016a   0x0800016a   0x00000000   Code   RO         1643    .ARM.Collect$$libinit$$0000000C  c_w.l(libinit2.o)
    0x0800016a   0x0800016a   0x00000000   Code   RO         1645    .ARM.Collect$$libinit$$0000000E  c_w.l(libinit2.o)
    0x0800016a   0x0800016a   0x00000000   Code   RO         1647    .ARM.Collect$$libinit$$00000010  c_w.l(libinit2.o)
    0x0800016a   0x0800016a   0x00000000   Code   RO         1650    .ARM.Collect$$libinit$$00000013  c_w.l(libinit2.o)
    0x0800016a   0x0800016a   0x00000000   Code   RO         1652    .ARM.Collect$$libinit$$00000015  c_w.l(libinit2.o)
    0x0800016a   0x0800016a   0x00000000   Code   RO         1654    .ARM.Collect$$libinit$$00000017  c_w.l(libinit2.o)
    0x0800016a   0x0800016a   0x00000000   Code   RO         1656    .ARM.Collect$$libinit$$00000019  c_w.l(libinit2.o)
    0x0800016a   0x0800016a   0x00000000   Code   RO         1658    .ARM.Collect$$libinit$$0000001B  c_w.l(libinit2.o)
    0x0800016a   0x0800016a   0x00000000   Code   RO         1660    .ARM.Collect$$libinit$$0000001D  c_w.l(libinit2.o)
    0x0800016a   0x0800016a   0x00000000   Code   RO         1662    .ARM.Collect$$libinit$$0000001F  c_w.l(libinit2.o)
    0x0800016a   0x0800016a   0x00000000   Code   RO         1664    .ARM.Collect$$libinit$$00000021  c_w.l(libinit2.o)
    0x0800016a   0x0800016a   0x00000000   Code   RO         1666    .ARM.Collect$$libinit$$00000023  c_w.l(libinit2.o)
    0x0800016a   0x0800016a   0x00000000   Code   RO         1668    .ARM.Collect$$libinit$$00000025  c_w.l(libinit2.o)
    0x0800016a   0x0800016a   0x00000000   Code   RO         1670    .ARM.Collect$$libinit$$00000027  c_w.l(libinit2.o)
    0x0800016a   0x0800016a   0x00000000   Code   RO         1674    .ARM.Collect$$libinit$$0000002E  c_w.l(libinit2.o)
    0x0800016a   0x0800016a   0x00000000   Code   RO         1676    .ARM.Collect$$libinit$$00000030  c_w.l(libinit2.o)
    0x0800016a   0x0800016a   0x00000000   Code   RO         1678    .ARM.Collect$$libinit$$00000032  c_w.l(libinit2.o)
    0x0800016a   0x0800016a   0x00000000   Code   RO         1680    .ARM.Collect$$libinit$$00000034  c_w.l(libinit2.o)
    0x0800016a   0x0800016a   0x00000002   Code   RO         1681    .ARM.Collect$$libinit$$00000035  c_w.l(libinit2.o)
    0x0800016c   0x0800016c   0x00000002   Code   RO         1892    .ARM.Collect$$libshutdown$$00000000  c_w.l(libshutdown.o)
    0x0800016e   0x0800016e   0x00000000   Code   RO         1844    .ARM.Collect$$libshutdown$$00000002  c_w.l(libshutdown2.o)
    0x0800016e   0x0800016e   0x00000000   Code   RO         1846    .ARM.Collect$$libshutdown$$00000004  c_w.l(libshutdown2.o)
    0x0800016e   0x0800016e   0x00000000   Code   RO         1849    .ARM.Collect$$libshutdown$$00000007  c_w.l(libshutdown2.o)
    0x0800016e   0x0800016e   0x00000000   Code   RO         1852    .ARM.Collect$$libshutdown$$0000000A  c_w.l(libshutdown2.o)
    0x0800016e   0x0800016e   0x00000000   Code   RO         1854    .ARM.Collect$$libshutdown$$0000000C  c_w.l(libshutdown2.o)
    0x0800016e   0x0800016e   0x00000000   Code   RO         1857    .ARM.Collect$$libshutdown$$0000000F  c_w.l(libshutdown2.o)
    0x0800016e   0x0800016e   0x00000002   Code   RO         1858    .ARM.Collect$$libshutdown$$00000010  c_w.l(libshutdown2.o)
    0x08000170   0x08000170   0x00000000   Code   RO         1594    .ARM.Collect$$rtentry$$00000000  c_w.l(__rtentry.o)
    0x08000170   0x08000170   0x00000000   Code   RO         1744    .ARM.Collect$$rtentry$$00000002  c_w.l(__rtentry2.o)
    0x08000170   0x08000170   0x00000006   Code   RO         1756    .ARM.Collect$$rtentry$$00000004  c_w.l(__rtentry4.o)
    0x08000176   0x08000176   0x00000000   Code   RO         1746    .ARM.Collect$$rtentry$$00000009  c_w.l(__rtentry2.o)
    0x08000176   0x08000176   0x00000004   Code   RO         1747    .ARM.Collect$$rtentry$$0000000A  c_w.l(__rtentry2.o)
    0x0800017a   0x0800017a   0x00000000   Code   RO         1749    .ARM.Collect$$rtentry$$0000000C  c_w.l(__rtentry2.o)
    0x0800017a   0x0800017a   0x00000008   Code   RO         1750    .ARM.Collect$$rtentry$$0000000D  c_w.l(__rtentry2.o)
    0x08000182   0x08000182   0x00000002   Code   RO         1833    .ARM.Collect$$rtexit$$00000000  c_w.l(rtexit.o)
    0x08000184   0x08000184   0x00000000   Code   RO         1866    .ARM.Collect$$rtexit$$00000002  c_w.l(rtexit2.o)
    0x08000184   0x08000184   0x00000004   Code   RO         1867    .ARM.Collect$$rtexit$$00000003  c_w.l(rtexit2.o)
    0x08000188   0x08000188   0x00000006   Code   RO         1868    .ARM.Collect$$rtexit$$00000004  c_w.l(rtexit2.o)
    0x0800018e   0x0800018e   0x00000002   PAD
    0x08000190   0x08000190   0x00000040   Code   RO            4    .text               startup_stm32f103xb.o
    0x080001d0   0x080001d0   0x0000005e   Code   RO         1428    .text               c_w.l(h1_alloc.o)
    0x0800022e   0x0800022e   0x00000064   Code   RO         1521    .text               c_w.l(rt_memcpy_w.o)
    0x08000292   0x08000292   0x00000006   Code   RO         1523    .text               c_w.l(heapauxi.o)
    0x08000298   0x08000298   0x00000008   Code   RO         1598    .text               c_w.l(rt_heap_descriptor_intlibspace.o)
    0x080002a0   0x080002a0   0x00000004   Code   RO         1600    .text               c_w.l(hguard.o)
    0x080002a4   0x080002a4   0x0000008a   Code   RO         1602    .text               c_w.l(init_alloc.o)
    0x0800032e   0x0800032e   0x0000000e   Code   RO         1608    .text               c_w.l(h1_init.o)
    0x0800033c   0x0800033c   0x0000004e   Code   RO         1610    .text               c_w.l(h1_free.o)
    0x0800038a   0x0800038a   0x00000016   Code   RO         1624    .text               c_w.l(_rserrno.o)
    0x080003a0   0x080003a0   0x00000008   Code   RO         1740    .text               c_w.l(libspace.o)
    0x080003a8   0x080003a8   0x00000008   Code   RO         1761    .text               c_w.l(rt_errno_addr_intlibspace.o)
    0x080003b0   0x080003b0   0x00000000   Code   RO         1765    .text               c_w.l(maybetermalloc1.o)
    0x080003b0   0x080003b0   0x00000034   Code   RO         1767    .text               c_w.l(h1_extend.o)
    0x080003e4   0x080003e4   0x0000000e   Code   RO         1773    .text               c_w.l(defsig_rtmem_outer.o)
    0x080003f2   0x080003f2   0x00000002   Code   RO         1802    .text               c_w.l(use_no_semi.o)
    0x080003f4   0x080003f4   0x00000000   Code   RO         1804    .text               c_w.l(indicate_semi.o)
    0x080003f4   0x080003f4   0x0000004a   Code   RO         1805    .text               c_w.l(sys_stackheap_outer.o)
    0x0800043e   0x0800043e   0x00000012   Code   RO         1811    .text               c_w.l(exit.o)
    0x08000450   0x08000450   0x0000000a   Code   RO         1813    .text               c_w.l(defsig_exit.o)
    0x0800045a   0x0800045a   0x00000002   PAD
    0x0800045c   0x0800045c   0x00000050   Code   RO         1815    .text               c_w.l(defsig_rtmem_inner.o)
    0x080004ac   0x080004ac   0x0000000c   Code   RO         1829    .text               c_w.l(sys_exit.o)
    0x080004b8   0x080004b8   0x00000032   Code   RO         1841    .text               c_w.l(defsig_general.o)
    0x080004ea   0x080004ea   0x0000000e   Code   RO         1861    .text               c_w.l(sys_wrch.o)
    0x080004f8   0x080004f8   0x00000002   Code   RO           60    .text.BusFault_Handler  stm32f1xx_it.o
    0x080004fa   0x080004fa   0x00000002   PAD
    0x080004fc   0x080004fc   0x0000000c   Code   RO           72    .text.DMA1_Channel3_IRQHandler  stm32f1xx_it.o
    0x08000508   0x08000508   0x0000000c   Code   RO           74    .text.DMA1_Channel4_IRQHandler  stm32f1xx_it.o
    0x08000514   0x08000514   0x0000000c   Code   RO           76    .text.DMA1_Channel7_IRQHandler  stm32f1xx_it.o
    0x08000520   0x08000520   0x00000002   Code   RO           66    .text.DebugMon_Handler  stm32f1xx_it.o
    0x08000522   0x08000522   0x00000002   PAD
    0x08000524   0x08000524   0x0000000a   Code   RO           23    .text.Error_Handler  main.o
    0x0800052e   0x0800052e   0x00000002   PAD
    0x08000530   0x08000530   0x00000046   Code   RO          671    .text.HAL_DMA_Abort  stm32f1xx_hal_dma.o
    0x08000576   0x08000576   0x00000002   PAD
    0x08000578   0x08000578   0x000000aa   Code   RO          673    .text.HAL_DMA_Abort_IT  stm32f1xx_hal_dma.o
    0x08000622   0x08000622   0x00000002   PAD
    0x08000624   0x08000624   0x00000006   Code   RO          683    .text.HAL_DMA_GetState  stm32f1xx_hal_dma.o
    0x0800062a   0x0800062a   0x00000002   PAD
    0x0800062c   0x0800062c   0x0000019c   Code   RO          677    .text.HAL_DMA_IRQHandler  stm32f1xx_hal_dma.o
    0x080007c8   0x080007c8   0x00000076   Code   RO          663    .text.HAL_DMA_Init  stm32f1xx_hal_dma.o
    0x0800083e   0x0800083e   0x00000002   PAD
    0x08000840   0x08000840   0x0000009c   Code   RO          669    .text.HAL_DMA_Start_IT  stm32f1xx_hal_dma.o
    0x080008dc   0x080008dc   0x00000028   Code   RO          547    .text.HAL_Delay     stm32f1xx_hal.o
    0x08000904   0x08000904   0x00000212   Code   RO          639    .text.HAL_GPIO_Init  stm32f1xx_hal_gpio.o
    0x08000b16   0x08000b16   0x00000002   PAD
    0x08000b18   0x08000b18   0x00000010   Code   RO          647    .text.HAL_GPIO_TogglePin  stm32f1xx_hal_gpio.o
    0x08000b28   0x08000b28   0x0000000a   Code   RO          645    .text.HAL_GPIO_WritePin  stm32f1xx_hal_gpio.o
    0x08000b32   0x08000b32   0x00000002   PAD
    0x08000b34   0x08000b34   0x0000000c   Code   RO          539    .text.HAL_GetTick   stm32f1xx_hal.o
    0x08000b40   0x08000b40   0x00000002   Code   RO          509    .text.HAL_I2C_AbortCpltCallback  stm32f1xx_hal_i2c.o
    0x08000b42   0x08000b42   0x00000002   PAD
    0x08000b44   0x08000b44   0x00000002   Code   RO          499    .text.HAL_I2C_AddrCallback  stm32f1xx_hal_i2c.o
    0x08000b46   0x08000b46   0x00000002   PAD
    0x08000b48   0x08000b48   0x0000014c   Code   RO          489    .text.HAL_I2C_ER_IRQHandler  stm32f1xx_hal_i2c.o
    0x08000c94   0x08000c94   0x00000660   Code   RO          477    .text.HAL_I2C_EV_IRQHandler  stm32f1xx_hal_i2c.o
    0x080012f4   0x080012f4   0x00000002   Code   RO          507    .text.HAL_I2C_ErrorCallback  stm32f1xx_hal_i2c.o
    0x080012f6   0x080012f6   0x00000002   PAD
    0x080012f8   0x080012f8   0x00000176   Code   RO          393    .text.HAL_I2C_Init  stm32f1xx_hal_i2c.o
    0x0800146e   0x0800146e   0x00000002   PAD
    0x08001470   0x08001470   0x00000002   Code   RO          501    .text.HAL_I2C_ListenCpltCallback  stm32f1xx_hal_i2c.o
    0x08001472   0x08001472   0x00000002   PAD
    0x08001474   0x08001474   0x00000002   Code   RO          493    .text.HAL_I2C_MasterRxCpltCallback  stm32f1xx_hal_i2c.o
    0x08001476   0x08001476   0x00000002   PAD
    0x08001478   0x08001478   0x00000002   Code   RO          491    .text.HAL_I2C_MasterTxCpltCallback  stm32f1xx_hal_i2c.o
    0x0800147a   0x0800147a   0x00000002   PAD
    0x0800147c   0x0800147c   0x00000002   Code   RO          505    .text.HAL_I2C_MemRxCpltCallback  stm32f1xx_hal_i2c.o
    0x0800147e   0x0800147e   0x00000002   PAD
    0x08001480   0x08001480   0x00000002   Code   RO          503    .text.HAL_I2C_MemTxCpltCallback  stm32f1xx_hal_i2c.o
    0x08001482   0x08001482   0x00000002   PAD
    0x08001484   0x08001484   0x00000436   Code   RO          437    .text.HAL_I2C_Mem_Read  stm32f1xx_hal_i2c.o
    0x080018ba   0x080018ba   0x00000002   PAD
    0x080018bc   0x080018bc   0x00000130   Code   RO          443    .text.HAL_I2C_Mem_Read_IT  stm32f1xx_hal_i2c.o
    0x080019ec   0x080019ec   0x000001da   Code   RO          433    .text.HAL_I2C_Mem_Write  stm32f1xx_hal_i2c.o
    0x08001bc6   0x08001bc6   0x00000002   PAD
    0x08001bc8   0x08001bc8   0x000000d0   Code   RO           97    .text.HAL_I2C_MspInit  stm32f1xx_hal_msp.o
    0x08001c98   0x08001c98   0x00000002   Code   RO          497    .text.HAL_I2C_SlaveRxCpltCallback  stm32f1xx_hal_i2c.o
    0x08001c9a   0x08001c9a   0x00000002   PAD
    0x08001c9c   0x08001c9c   0x00000002   Code   RO          495    .text.HAL_I2C_SlaveTxCpltCallback  stm32f1xx_hal_i2c.o
    0x08001c9e   0x08001c9e   0x00000002   PAD
    0x08001ca0   0x08001ca0   0x0000001a   Code   RO          537    .text.HAL_IncTick   stm32f1xx_hal.o
    0x08001cba   0x08001cba   0x00000002   PAD
    0x08001cbc   0x08001cbc   0x00000026   Code   RO          527    .text.HAL_Init      stm32f1xx_hal.o
    0x08001ce2   0x08001ce2   0x00000002   PAD
    0x08001ce4   0x08001ce4   0x00000048   Code   RO          529    .text.HAL_InitTick  stm32f1xx_hal.o
    0x08001d2c   0x08001d2c   0x00000042   Code   RO           95    .text.HAL_MspInit   stm32f1xx_hal_msp.o
    0x08001d6e   0x08001d6e   0x00000002   PAD
    0x08001d70   0x08001d70   0x00000020   Code   RO          699    .text.HAL_NVIC_EnableIRQ  stm32f1xx_hal_cortex.o
    0x08001d90   0x08001d90   0x00000056   Code   RO          697    .text.HAL_NVIC_SetPriority  stm32f1xx_hal_cortex.o
    0x08001de6   0x08001de6   0x00000002   PAD
    0x08001de8   0x08001de8   0x00000020   Code   RO          695    .text.HAL_NVIC_SetPriorityGrouping  stm32f1xx_hal_cortex.o
    0x08001e08   0x08001e08   0x000001be   Code   RO          591    .text.HAL_RCC_ClockConfig  stm32f1xx_hal_rcc.o
    0x08001fc6   0x08001fc6   0x00000002   PAD
    0x08001fc8   0x08001fc8   0x00000026   Code   RO          603    .text.HAL_RCC_GetPCLK1Freq  stm32f1xx_hal_rcc.o
    0x08001fee   0x08001fee   0x00000002   PAD
    0x08001ff0   0x08001ff0   0x00000026   Code   RO          605    .text.HAL_RCC_GetPCLK2Freq  stm32f1xx_hal_rcc.o
    0x08002016   0x08002016   0x00000002   PAD
    0x08002018   0x08002018   0x000003b4   Code   RO          589    .text.HAL_RCC_OscConfig  stm32f1xx_hal_rcc.o
    0x080023cc   0x080023cc   0x0000002e   Code   RO          258    .text.HAL_SPI_ErrorCallback  st7735.o
    0x080023fa   0x080023fa   0x00000002   PAD
    0x080023fc   0x080023fc   0x00000108   Code   RO          936    .text.HAL_SPI_IRQHandler  stm32f1xx_hal_spi.o
    0x08002504   0x08002504   0x000000ac   Code   RO          860    .text.HAL_SPI_Init  stm32f1xx_hal_spi.o
    0x080025b0   0x080025b0   0x000000a4   Code   RO          101    .text.HAL_SPI_MspInit  stm32f1xx_hal_msp.o
    0x08002654   0x08002654   0x000001d6   Code   RO          868    .text.HAL_SPI_Transmit  stm32f1xx_hal_spi.o
    0x0800282a   0x0800282a   0x00000002   PAD
    0x0800282c   0x0800282c   0x000000e2   Code   RO          896    .text.HAL_SPI_Transmit_DMA  stm32f1xx_hal_spi.o
    0x0800290e   0x0800290e   0x00000002   PAD
    0x08002910   0x08002910   0x0000002c   Code   RO          260    .text.HAL_SPI_TxCpltCallback  st7735.o
    0x0800293c   0x0800293c   0x00000002   Code   RO          948    .text.HAL_SPI_TxHalfCpltCallback  stm32f1xx_hal_spi.o
    0x0800293e   0x0800293e   0x00000002   PAD
    0x08002940   0x08002940   0x0000002c   Code   RO          707    .text.HAL_SYSTICK_Config  stm32f1xx_hal_cortex.o
    0x0800296c   0x0800296c   0x00000002   Code   RO         1278    .text.HAL_TIMEx_BreakCallback  stm32f1xx_hal_tim_ex.o
    0x0800296e   0x0800296e   0x00000002   PAD
    0x08002970   0x08002970   0x00000002   Code   RO         1274    .text.HAL_TIMEx_CommutCallback  stm32f1xx_hal_tim_ex.o
    0x08002972   0x08002972   0x00000002   PAD
    0x08002974   0x08002974   0x0000007a   Code   RO         1268    .text.HAL_TIMEx_MasterConfigSynchronization  stm32f1xx_hal_tim_ex.o
    0x080029ee   0x080029ee   0x00000002   PAD
    0x080029f0   0x080029f0   0x000000ec   Code   RO          974    .text.HAL_TIM_Base_Init  stm32f1xx_hal_tim.o
    0x08002adc   0x08002adc   0x0000006c   Code   RO          105    .text.HAL_TIM_Base_MspInit  stm32f1xx_hal_msp.o
    0x08002b48   0x08002b48   0x0000006e   Code   RO          988    .text.HAL_TIM_Base_Start_IT  stm32f1xx_hal_tim.o
    0x08002bb6   0x08002bb6   0x00000002   PAD
    0x08002bb8   0x08002bb8   0x00000192   Code   RO         1154    .text.HAL_TIM_ConfigClockSource  stm32f1xx_hal_tim.o
    0x08002d4a   0x08002d4a   0x00000002   PAD
    0x08002d4c   0x08002d4c   0x00000002   Code   RO         1110    .text.HAL_TIM_IC_CaptureCallback  stm32f1xx_hal_tim.o
    0x08002d4e   0x08002d4e   0x00000002   PAD
    0x08002d50   0x08002d50   0x00000170   Code   RO         1108    .text.HAL_TIM_IRQHandler  stm32f1xx_hal_tim.o
    0x08002ec0   0x08002ec0   0x0000004c   Code   RO          107    .text.HAL_TIM_MspPostInit  stm32f1xx_hal_msp.o
    0x08002f0c   0x08002f0c   0x00000002   Code   RO         1112    .text.HAL_TIM_OC_DelayElapsedCallback  stm32f1xx_hal_tim.o
    0x08002f0e   0x08002f0e   0x00000002   PAD
    0x08002f10   0x08002f10   0x000001f2   Code   RO         1128    .text.HAL_TIM_PWM_ConfigChannel  stm32f1xx_hal_tim.o
    0x08003102   0x08003102   0x00000002   PAD
    0x08003104   0x08003104   0x000000ec   Code   RO         1028    .text.HAL_TIM_PWM_Init  stm32f1xx_hal_tim.o
    0x080031f0   0x080031f0   0x00000002   Code   RO         1030    .text.HAL_TIM_PWM_MspInit  stm32f1xx_hal_tim.o
    0x080031f2   0x080031f2   0x00000002   PAD
    0x080031f4   0x080031f4   0x00000002   Code   RO         1114    .text.HAL_TIM_PWM_PulseFinishedCallback  stm32f1xx_hal_tim.o
    0x080031f6   0x080031f6   0x00000002   PAD
    0x080031f8   0x080031f8   0x000000de   Code   RO         1036    .text.HAL_TIM_PWM_Start  stm32f1xx_hal_tim.o
    0x080032d6   0x080032d6   0x00000002   PAD
    0x080032d8   0x080032d8   0x00000002   Code   RO         1116    .text.HAL_TIM_PeriodElapsedCallback  stm32f1xx_hal_tim.o
    0x080032da   0x080032da   0x00000002   PAD
    0x080032dc   0x080032dc   0x00000002   Code   RO         1118    .text.HAL_TIM_TriggerCallback  stm32f1xx_hal_tim.o
    0x080032de   0x080032de   0x00000002   PAD
    0x080032e0   0x080032e0   0x00000002   Code   RO         1374    .text.HAL_UARTEx_RxEventCallback  stm32f1xx_hal_uart.o
    0x080032e2   0x080032e2   0x00000002   PAD
    0x080032e4   0x080032e4   0x00000002   Code   RO         1372    .text.HAL_UART_ErrorCallback  stm32f1xx_hal_uart.o
    0x080032e6   0x080032e6   0x00000002   PAD
    0x080032e8   0x080032e8   0x0000026c   Code   RO         1366    .text.HAL_UART_IRQHandler  stm32f1xx_hal_uart.o
    0x08003554   0x08003554   0x000000dc   Code   RO         1292    .text.HAL_UART_Init  stm32f1xx_hal_uart.o
    0x08003630   0x08003630   0x000000bc   Code   RO          111    .text.HAL_UART_MspInit  stm32f1xx_hal_msp.o
    0x080036ec   0x080036ec   0x00000002   Code   RO         1380    .text.HAL_UART_RxCpltCallback  stm32f1xx_hal_uart.o
    0x080036ee   0x080036ee   0x00000002   PAD
    0x080036f0   0x080036f0   0x0000007c   Code   RO         1316    .text.HAL_UART_Transmit_DMA  stm32f1xx_hal_uart.o
    0x0800376c   0x0800376c   0x00000002   Code   RO         1376    .text.HAL_UART_TxCpltCallback  stm32f1xx_hal_uart.o
    0x0800376e   0x0800376e   0x00000002   PAD
    0x08003770   0x08003770   0x00000002   Code   RO         1378    .text.HAL_UART_TxHalfCpltCallback  stm32f1xx_hal_uart.o
    0x08003772   0x08003772   0x00000002   PAD
    0x08003774   0x08003774   0x00000002   Code   RO           56    .text.HardFault_Handler  stm32f1xx_it.o
    0x08003776   0x08003776   0x00000002   PAD
    0x08003778   0x08003778   0x0000000c   Code   RO           82    .text.I2C1_ER_IRQHandler  stm32f1xx_it.o
    0x08003784   0x08003784   0x00000016   Code   RO           80    .text.I2C1_EV_IRQHandler  stm32f1xx_it.o
    0x0800379a   0x0800379a   0x00000002   PAD
    0x0800379c   0x0800379c   0x00000122   Code   RO          463    .text.I2C_DMAAbort  stm32f1xx_hal_i2c.o
    0x080038be   0x080038be   0x00000002   PAD
    0x080038c0   0x080038c0   0x0000018c   Code   RO          475    .text.I2C_ITError   stm32f1xx_hal_i2c.o
    0x08003a4c   0x08003a4c   0x000000e8   Code   RO          487    .text.I2C_MasterReceive_BTF  stm32f1xx_hal_i2c.o
    0x08003b34   0x08003b34   0x00000136   Code   RO          485    .text.I2C_MasterReceive_RXNE  stm32f1xx_hal_i2c.o
    0x08003c6a   0x08003c6a   0x00000002   PAD
    0x08003c6c   0x08003c6c   0x00000082   Code   RO          481    .text.I2C_MasterTransmit_BTF  stm32f1xx_hal_i2c.o
    0x08003cee   0x08003cee   0x00000002   PAD
    0x08003cf0   0x08003cf0   0x000000b2   Code   RO          479    .text.I2C_MasterTransmit_TXE  stm32f1xx_hal_i2c.o
    0x08003da2   0x08003da2   0x00000002   PAD
    0x08003da4   0x08003da4   0x000000b4   Code   RO          483    .text.I2C_MemoryTransmit_TXE_BTF  stm32f1xx_hal_i2c.o
    0x08003e58   0x08003e58   0x0000031e   Code   RO          439    .text.I2C_RequestMemoryRead  stm32f1xx_hal_i2c.o
    0x08004176   0x08004176   0x00000002   PAD
    0x08004178   0x08004178   0x00000272   Code   RO          435    .text.I2C_RequestMemoryWrite  stm32f1xx_hal_i2c.o
    0x080043ea   0x080043ea   0x00000002   PAD
    0x080043ec   0x080043ec   0x000000a8   Code   RO          405    .text.I2C_WaitOnBTFFlagUntilTimeout  stm32f1xx_hal_i2c.o
    0x08004494   0x08004494   0x00000150   Code   RO          403    .text.I2C_WaitOnFlagUntilTimeout  stm32f1xx_hal_i2c.o
    0x080045e4   0x080045e4   0x000000b8   Code   RO          517    .text.I2C_WaitOnMasterAddressFlagUntilTimeout  stm32f1xx_hal_i2c.o
    0x0800469c   0x0800469c   0x00000010   Code   RO          243    .text.MPU9255_ACC_GYRO_isReady  mpu9255.o
    0x080046ac   0x080046ac   0x00000032   Code   RO          241    .text.MPU9255_IT    mpu9255.o
    0x080046de   0x080046de   0x00000002   PAD
    0x080046e0   0x080046e0   0x00000010   Code   RO          245    .text.MPU9255_MAG_isReady  mpu9255.o
    0x080046f0   0x080046f0   0x0000040e   Code   RO          247    .text.MPU9255_cycle  mpu9255.o
    0x08004afe   0x08004afe   0x00000002   PAD
    0x08004b00   0x08004b00   0x00000152   Code   RO          239    .text.MPU9255setup  mpu9255.o
    0x08004c52   0x08004c52   0x00000002   PAD
    0x08004c54   0x08004c54   0x00000002   Code   RO           58    .text.MemManage_Handler  stm32f1xx_it.o
    0x08004c56   0x08004c56   0x00000002   PAD
    0x08004c58   0x08004c58   0x00000002   Code   RO           54    .text.NMI_Handler   stm32f1xx_it.o
    0x08004c5a   0x08004c5a   0x00000002   PAD
    0x08004c5c   0x08004c5c   0x00000002   Code   RO           68    .text.PendSV_Handler  stm32f1xx_it.o
    0x08004c5e   0x08004c5e   0x00000002   PAD
    0x08004c60   0x08004c60   0x0000000c   Code   RO           84    .text.SPI1_IRQHandler  stm32f1xx_it.o
    0x08004c6c   0x08004c6c   0x0000000c   Code   RO          938    .text.SPI_DMAAbortOnError  stm32f1xx_hal_spi.o
    0x08004c78   0x08004c78   0x0000001e   Code   RO          902    .text.SPI_DMAError  stm32f1xx_hal_spi.o
    0x08004c96   0x08004c96   0x00000002   PAD
    0x08004c98   0x08004c98   0x00000006   Code   RO          898    .text.SPI_DMAHalfTransmitCplt  stm32f1xx_hal_spi.o
    0x08004c9e   0x08004c9e   0x00000002   PAD
    0x08004ca0   0x08004ca0   0x00000080   Code   RO          900    .text.SPI_DMATransmitCplt  stm32f1xx_hal_spi.o
    0x08004d20   0x08004d20   0x000000e4   Code   RO          964    .text.SPI_WaitFlagStateUntilTimeout  stm32f1xx_hal_spi.o
    0x08004e04   0x08004e04   0x000002e6   Code   RO          286    .text.ST7735_DrawCircle  st7735.o
    0x080050ea   0x080050ea   0x00000002   PAD
    0x080050ec   0x080050ec   0x000001f2   Code   RO          292    .text.ST7735_DrawLine  st7735.o
    0x080052de   0x080052de   0x00000002   PAD
    0x080052e0   0x080052e0   0x0000010a   Code   RO          264    .text.ST7735_ExecuteCommandList  st7735.o
    0x080053ea   0x080053ea   0x00000002   PAD
    0x080053ec   0x080053ec   0x00000034   Code   RO          290    .text.ST7735_FillCircle  st7735.o
    0x08005420   0x08005420   0x00000316   Code   RO          294    .text.ST7735_FillCircleHelper  st7735.o
    0x08005736   0x08005736   0x00000002   PAD
    0x08005738   0x08005738   0x000001c8   Code   RO          270    .text.ST7735_FillRectangle  st7735.o
    0x08005900   0x08005900   0x00000022   Code   RO          280    .text.ST7735_FillScreen  st7735.o
    0x08005922   0x08005922   0x00000002   PAD
    0x08005924   0x08005924   0x0000006c   Code   RO          262    .text.ST7735_Init   st7735.o
    0x08005990   0x08005990   0x00000216   Code   RO          274    .text.ST7735_SetAddressWindow  st7735.o
    0x08005ba6   0x08005ba6   0x00000002   PAD
    0x08005ba8   0x08005ba8   0x000000b0   Code   RO          312    .text.ST7735_SetBacklight  st7735.o
    0x08005c58   0x08005c58   0x00000222   Code   RO          266    .text.ST7735_SetRotation  st7735.o
    0x08005e7a   0x08005e7a   0x00000002   PAD
    0x08005e7c   0x08005e7c   0x00000002   Code   RO           64    .text.SVC_Handler   stm32f1xx_it.o
    0x08005e7e   0x08005e7e   0x00000002   PAD
    0x08005e80   0x08005e80   0x00000004   Code   RO           70    .text.SysTick_Handler  stm32f1xx_it.o
    0x08005e84   0x08005e84   0x00000002   Code   RO         1410    .text.SystemInit    system_stm32f1xx_1.o
    0x08005e86   0x08005e86   0x00000002   PAD
    0x08005e88   0x08005e88   0x00000016   Code   RO           78    .text.TIM4_IRQHandler  stm32f1xx_it.o
    0x08005e9e   0x08005e9e   0x00000002   PAD
    0x08005ea0   0x08005ea0   0x0000000c   Code   RO         1370    .text.UART_DMAAbortOnError  stm32f1xx_hal_uart.o
    0x08005eac   0x08005eac   0x0000006c   Code   RO         1322    .text.UART_DMAError  stm32f1xx_hal_uart.o
    0x08005f18   0x08005f18   0x00000026   Code   RO         1318    .text.UART_DMATransmitCplt  stm32f1xx_hal_uart.o
    0x08005f3e   0x08005f3e   0x00000002   PAD
    0x08005f40   0x08005f40   0x00000006   Code   RO         1320    .text.UART_DMATxHalfCplt  stm32f1xx_hal_uart.o
    0x08005f46   0x08005f46   0x00000002   PAD
    0x08005f48   0x08005f48   0x000000b6   Code   RO         1368    .text.UART_Receive_IT  stm32f1xx_hal_uart.o
    0x08005ffe   0x08005ffe   0x00000002   PAD
    0x08006000   0x08006000   0x0000000c   Code   RO           86    .text.USART1_IRQHandler  stm32f1xx_it.o
    0x0800600c   0x0800600c   0x00000002   Code   RO           62    .text.UsageFault_Handler  stm32f1xx_it.o
    0x0800600e   0x0800600e   0x00000002   PAD
    0x08006010   0x08006010   0x0000000a   Code   RO          129    .text._swap_int16_t  common.o
    0x0800601a   0x0800601a   0x00000002   PAD
    0x0800601c   0x0800601c   0x00000148   Code   RO           15    .text.initState     main.o
    0x08006164   0x08006164   0x0000070e   Code   RO           11    .text.main          main.o
    0x08006872   0x08006872   0x00000002   PAD
    0x08006874   0x08006874   0x00000094   Code   RO          192    .text.matrixCross   matrix.o
    0x08006908   0x08006908   0x00000050   Code   RO          190    .text.matrixDot     matrix.o
    0x08006958   0x08006958   0x00000064   Code   RO          188    .text.matrixEye     matrix.o
    0x080069bc   0x080069bc   0x000004ae   Code   RO          182    .text.matrixMultiply  matrix.o
    0x08006e6a   0x08006e6a   0x00000002   PAD
    0x08006e6c   0x08006e6c   0x000000c2   Code   RO          174    .text.matrixMultiplyByNumb  matrix.o
    0x08006f2e   0x08006f2e   0x00000002   PAD
    0x08006f30   0x08006f30   0x0000010e   Code   RO          206    .text.matrixNormVec  matrix.o
    0x0800703e   0x0800703e   0x00000002   PAD
    0x08007040   0x08007040   0x00000196   Code   RO          200    .text.matrixRot3D   matrix.o
    0x080071d6   0x080071d6   0x00000002   PAD
    0x080071d8   0x080071d8   0x000001f6   Code   RO          202    .text.matrixRotArbVec  matrix.o
    0x080073ce   0x080073ce   0x00000002   PAD
    0x080073d0   0x080073d0   0x00000060   Code   RO          194    .text.matrixRotZ    matrix.o
    0x08007430   0x08007430   0x00000020   Code   RO          186    .text.matrixSE      matrix.o
    0x08007450   0x08007450   0x0000016a   Code   RO          176    .text.matrixSum     matrix.o
    0x080075ba   0x080075ba   0x00000002   PAD
    0x080075bc   0x080075bc   0x00000076   Code   RO          204    .text.matrixVecLen  matrix.o
    0x08007632   0x08007632   0x00000002   PAD
    0x08007634   0x08007634   0x00000066   Code   RO          184    .text.matrixZeroes  matrix.o
    0x0800769a   0x0800769a   0x00000002   PAD
    0x0800769c   0x0800769c   0x0000001a   Code   RO          222    .text.micros        micros.o
    0x080076b6   0x080076b6   0x00000002   PAD
    0x080076b8   0x080076b8   0x0000001c   Code   RO          224    .text.microsIT      micros.o
    0x080076d4   0x080076d4   0x0000003c   Code   RO          220    .text.microsInit    micros.o
    0x08007710   0x08007710   0x00000022   Code   RO          226    .text.microsStart   micros.o
    0x08007732   0x08007732   0x00000002   PAD
    0x08007734   0x08007734   0x00000030   Code   RO          228    .text.microsUpdate  micros.o
    0x08007764   0x08007764   0x000002f8   Code   RO           21    .text.moveBall      main.o
    0x08007a5c   0x08007a5c   0x0000007c   Code   RO           29    .text.renewConcentricLines  main.o
    0x08007ad8   0x08007ad8   0x00000110   Code   RO           17    .text.restoreVertical  main.o
    0x08007be8   0x08007be8   0x000000c6   Code   RO           19    .text.transmitBasis  main.o
    0x08007cae   0x08007cae   0x00000028   Code   RO         1800    i.__ARM_fpclassify  m_ws.l(fpclassify.o)
    0x08007cd6   0x08007cd6   0x00000002   PAD
    0x08007cd8   0x08007cd8   0x00000388   Code   RO         1728    i.__ieee754_rem_pio2  m_ws.l(rred.o)
    0x08008060   0x08008060   0x000000fc   Code   RO         1709    i.__kernel_cos      m_ws.l(cos_i.o)
    0x0800815c   0x0800815c   0x000000aa   Code   RO         1726    i.__kernel_poly     m_ws.l(poly.o)
    0x08008206   0x08008206   0x00000002   PAD
    0x08008208   0x08008208   0x000000ec   Code   RO         1733    i.__kernel_sin      m_ws.l(sin_i.o)
    0x080082f4   0x080082f4   0x00000006   Code   RO         1713    i.__mathlib_dbl_infnan  m_ws.l(dunder.o)
    0x080082fa   0x080082fa   0x0000000c   Code   RO         1715    i.__mathlib_dbl_invalid  m_ws.l(dunder.o)
    0x08008306   0x08008306   0x00000002   PAD
    0x08008308   0x08008308   0x00000010   Code   RO         1718    i.__mathlib_dbl_underflow  m_ws.l(dunder.o)
    0x08008318   0x08008318   0x0000027c   Code   RO         1572    i.acos              m_ws.l(acos.o)
    0x08008594   0x08008594   0x0000009c   Code   RO         1577    i.cos               m_ws.l(cos.o)
    0x08008630   0x08008630   0x000000a0   Code   RO         1581    i.sin               m_ws.l(sin.o)
    0x080086d0   0x080086d0   0x0000004c   Code   RO         1585    i.sqrt              m_ws.l(sqrt.o)
    0x0800871c   0x0800871c   0x0000002c   Code   RO         1589    i.sqrtf             m_ws.l(sqrtf.o)
    0x08008748   0x08008748   0x00000062   Code   RO         1527    x$fpl$d2f           fz_ws.l(d2f.o)
    0x080087aa   0x080087aa   0x00000002   PAD
    0x080087ac   0x080087ac   0x00000150   Code   RO         1529    x$fpl$dadd          fz_ws.l(daddsub_clz.o)
    0x080088fc   0x080088fc   0x00000010   Code   RO         1782    x$fpl$dcheck1       fz_ws.l(dcheck1.o)
    0x0800890c   0x0800890c   0x00000018   Code   RO         1784    x$fpl$dcmpinf       fz_ws.l(dcmpi.o)
    0x08008924   0x08008924   0x000002b4   Code   RO         1538    x$fpl$ddiv          fz_ws.l(ddiv.o)
    0x08008bd8   0x08008bd8   0x00000078   Code   RO         1682    x$fpl$deqf          fz_ws.l(deqf.o)
    0x08008c50   0x08008c50   0x0000005e   Code   RO         1786    x$fpl$dfix          fz_ws.l(dfix.o)
    0x08008cae   0x08008cae   0x0000002e   Code   RO         1791    x$fpl$dflt          fz_ws.l(dflt_clz.o)
    0x08008cdc   0x08008cdc   0x00000026   Code   RO         1790    x$fpl$dfltu         fz_ws.l(dflt_clz.o)
    0x08008d02   0x08008d02   0x00000002   PAD
    0x08008d04   0x08008d04   0x00000078   Code   RO         1684    x$fpl$dgeqf         fz_ws.l(dgeqf.o)
    0x08008d7c   0x08008d7c   0x00000078   Code   RO         1686    x$fpl$dleqf         fz_ws.l(dleqf.o)
    0x08008df4   0x08008df4   0x00000154   Code   RO         1541    x$fpl$dmul          fz_ws.l(dmul.o)
    0x08008f48   0x08008f48   0x0000009c   Code   RO         1688    x$fpl$dnaninf       fz_ws.l(dnaninf.o)
    0x08008fe4   0x08008fe4   0x0000000c   Code   RO         1690    x$fpl$dretinf       fz_ws.l(dretinf.o)
    0x08008ff0   0x08008ff0   0x00000016   Code   RO         1530    x$fpl$drsb          fz_ws.l(daddsub_clz.o)
    0x08009006   0x08009006   0x00000002   PAD
    0x08009008   0x08009008   0x000001cc   Code   RO         1692    x$fpl$dsqrt         fz_ws.l(dsqrt_noumaal.o)
    0x080091d4   0x080091d4   0x000001dc   Code   RO         1531    x$fpl$dsub          fz_ws.l(daddsub_clz.o)
    0x080093b0   0x080093b0   0x00000056   Code   RO         1543    x$fpl$f2d           fz_ws.l(f2d.o)
    0x08009406   0x08009406   0x00000002   PAD
    0x08009408   0x08009408   0x000000c4   Code   RO         1545    x$fpl$fadd          fz_ws.l(faddsub_clz.o)
    0x080094cc   0x080094cc   0x00000054   Code   RO         1535    x$fpl$fcmp          fz_ws.l(dcmp.o)
    0x08009520   0x08009520   0x00000054   Code   RO         1551    x$fpl$fcmp          fz_ws.l(fcmp.o)
    0x08009574   0x08009574   0x00000018   Code   RO         1796    x$fpl$fcmpinf       fz_ws.l(fcmpi.o)
    0x0800958c   0x0800958c   0x00000184   Code   RO         1554    x$fpl$fdiv          fz_ws.l(fdiv.o)
    0x08009710   0x08009710   0x00000068   Code   RO         1694    x$fpl$feqf          fz_ws.l(feqf.o)
    0x08009778   0x08009778   0x00000036   Code   RO         1557    x$fpl$ffix          fz_ws.l(ffix.o)
    0x080097ae   0x080097ae   0x00000002   PAD
    0x080097b0   0x080097b0   0x00000030   Code   RO         1562    x$fpl$fflt          fz_ws.l(fflt_clz.o)
    0x080097e0   0x080097e0   0x00000060   Code   RO         1567    x$fpl$ffltll        fz_ws.l(ffltll_clz.o)
    0x08009840   0x08009840   0x00000026   Code   RO         1561    x$fpl$ffltu         fz_ws.l(fflt_clz.o)
    0x08009866   0x08009866   0x00000002   PAD
    0x08009868   0x08009868   0x00000068   Code   RO         1696    x$fpl$fgeqf         fz_ws.l(fgeqf.o)
    0x080098d0   0x080098d0   0x00000068   Code   RO         1698    x$fpl$fleqf         fz_ws.l(fleqf.o)
    0x08009938   0x08009938   0x00000102   Code   RO         1569    x$fpl$fmul          fz_ws.l(fmul.o)
    0x08009a3a   0x08009a3a   0x0000008c   Code   RO         1700    x$fpl$fnaninf       fz_ws.l(fnaninf.o)
    0x08009ac6   0x08009ac6   0x0000000a   Code   RO         1702    x$fpl$fretinf       fz_ws.l(fretinf.o)
    0x08009ad0   0x08009ad0   0x00000110   Code   RO         1704    x$fpl$fsqrt         fz_ws.l(fsqrt.o)
    0x08009be0   0x08009be0   0x000000ea   Code   RO         1547    x$fpl$fsub          fz_ws.l(faddsub_clz.o)
    0x08009cca   0x08009cca   0x00000064   Code   RO         1827    x$fpl$retnan        fz_ws.l(retnan.o)
    0x08009d2e   0x08009d2e   0x0000005c   Code   RO         1706    x$fpl$scalbn        fz_ws.l(scalbn.o)
    0x08009d8a   0x08009d8a   0x00000030   Code   RO         1859    x$fpl$trapveneer    fz_ws.l(trapv.o)
    0x08009dba   0x08009dba   0x00000000   Code   RO         1708    x$fpl$usenofp       fz_ws.l(usenofp.o)
    0x08009dba   0x08009dba   0x00000006   PAD
    0x08009dc0   0x08009dc0   0x00000050   Data   RO         1573    .constdata          m_ws.l(acos.o)
    0x08009e10   0x08009e10   0x00000030   Data   RO         1710    .constdata          m_ws.l(cos_i.o)
    0x08009e40   0x08009e40   0x000000cc   Data   RO         1730    .constdata          m_ws.l(rred.o)
    0x08009f0c   0x08009f0c   0x00000004   PAD
    0x08009f10   0x08009f10   0x00000028   Data   RO         1734    .constdata          m_ws.l(sin_i.o)
    0x08009f38   0x08009f38   0x00000002   Data   RO          616    .rodata..L__const.HAL_RCC_GetSysClockFreq.aPredivFactorTable  stm32f1xx_hal_rcc.o
    0x08009f3a   0x08009f3a   0x00000010   Data   RO         1415    .rodata.AHBPrescTable  system_stm32f1xx_1.o
    0x08009f4a   0x08009f4a   0x00000008   Data   RO         1416    .rodata.APBPrescTable  system_stm32f1xx_1.o
    0x08009f52   0x08009f52   0x00000010   Data   RO          615    .rodata.cst16       stm32f1xx_hal_rcc.o
    0x08009f62   0x08009f62   0x0000003b   Data   RO          314    .rodata.init_cmds1  st7735.o
    0x08009f9d   0x08009f9d   0x0000000d   Data   RO          315    .rodata.init_cmds2  st7735.o
    0x08009faa   0x08009faa   0x0000002b   Data   RO          316    .rodata.init_cmds3  st7735.o
    0x08009fd5   0x08009fd5   0x00000003   PAD
    0x08009fd8   0x08009fd8   0x00000020   Data   RO         1894    Region$$Table       anon$$obj.o


    Execution Region RW_IRAM1 (Exec base: 0x20000000, Load base: 0x08009ff8, Size: 0x000019d8, Max: 0x00005000, ABSOLUTE)

    Exec Addr    Load Addr    Size         Type   Attr      Idx    E Section Name        Object

    0x20000000   0x08009ff8   0x00000008   Data   RW          321    .data..L_MergedGlobals  st7735.o
    0x20000008   0x0800a000   0x00000008   Data   RW          578    .data..L_MergedGlobals  stm32f1xx_hal.o
    0x20000010   0x0800a008   0x00000004   Data   RW         1414    .data.SystemCoreClock  system_stm32f1xx_1.o
    0x20000014   0x0800a00c   0x00000004   PAD
    0x20000018        -       0x00000060   Zero   RW         1741    .bss                c_w.l(libspace.o)
    0x20000078        -       0x00000072   Zero   RW           44    .bss..L_MergedGlobals  main.o
    0x200000ea   0x0800a00c   0x00000006   PAD
    0x200000f0        -       0x00000010   Zero   RW          230    .bss..L_MergedGlobals  micros.o
    0x20000100        -       0x00000050   Zero   RW          249    .bss..L_MergedGlobals  mpu9255.o
    0x20000150        -       0x00000074   Zero   RW           45    .bss..L_MergedGlobals.1  main.o
    0x200001c4        -       0x00000006   Zero   RW          322    .bss..L_MergedGlobals.1  st7735.o
    0x200001ca        -       0x00000002   Zero   RW          320    .bss.ST7735_SetBacklight.memCCR1  st7735.o
    0x200001cc        -       0x00000800   Zero   RW          317    .bss.dispBuffer1    st7735.o
    0x200009cc        -       0x00000800   Zero   RW          318    .bss.dispBuffer2    st7735.o
    0x200011cc        -       0x00000044   Zero   RW           36    .bss.hdma_i2c1_rx   main.o
    0x20001210        -       0x00000044   Zero   RW           38    .bss.hdma_spi1_tx   main.o
    0x20001254        -       0x00000044   Zero   RW           40    .bss.hdma_usart1_tx  main.o
    0x20001298        -       0x00000054   Zero   RW           35    .bss.hi2c1          main.o
    0x200012ec        -       0x00000058   Zero   RW           37    .bss.hspi1          main.o
    0x20001344        -       0x00000048   Zero   RW           39    .bss.htim3          main.o
    0x2000138c        -       0x00000048   Zero   RW           34    .bss.htim4          main.o
    0x200013d4        -       0x00000004   Zero   RW          577    .bss.uwTick         stm32f1xx_hal.o
    0x200013d8        -       0x00000200   Zero   RW            2    HEAP                startup_stm32f103xb.o
    0x200015d8        -       0x00000400   Zero   RW            1    STACK               startup_stm32f103xb.o


==============================================================================

Image component sizes


      Code (inc. data)   RO Data    RW Data    ZI Data      Debug   Object Name

        10          0          0          0          0       1275   common.o
      3498          0          0          0        750      17332   main.o
      3608          0          0          0          0      18658   matrix.o
       196          0          0          0         16       4520   micros.o
      1458          0          0          0         80       7012   mpu9255.o
      4292         50        115          8       4104      36827   st7735.o
        64         26        236          0       1536        824   startup_stm32f103xb.o
       188          0          0          8          4       5772   stm32f1xx_hal.o
       194          0          0          0          0       8498   stm32f1xx_hal_cortex.o
       932          0          0          0          0       8413   stm32f1xx_hal_dma.o
       556         22          0          0          0       4618   stm32f1xx_hal_gpio.o
      8042         16          0          0          0      53271   stm32f1xx_hal_i2c.o
       810          0          0          0          0      11337   stm32f1xx_hal_msp.o
      1470          0         18          0          0       7672   stm32f1xx_hal_rcc.o
      1538          0          0          0          0      24228   stm32f1xx_hal_spi.o
      2084          4          0          0          0      54337   stm32f1xx_hal_tim.o
       126          0          0          0          0      20443   stm32f1xx_hal_tim_ex.o
      1320          0          0          0          0      23611   stm32f1xx_hal_uart.o
       136          0          0          0          0       8541   stm32f1xx_it.o
         2          0         24          4          0       1652   system_stm32f1xx_1.o

    ----------------------------------------------------------------------
     30710        118        428         20       6500     318841   Object Totals
         0          0         32          0          0          0   (incl. Generated)
       186          0          3          0         10          0   (incl. Padding)

    ----------------------------------------------------------------------

      Code (inc. data)   RO Data    RW Data    ZI Data      Debug   Library Member Name

         8          0          0          0          0         68   __main.o
         0          0          0          0          0          0   __rtentry.o
        12          0          0          0          0          0   __rtentry2.o
         6          0          0          0          0          0   __rtentry4.o
        52          8          0          0          0          0   __scatter.o
        26          0          0          0          0          0   __scatter_copy.o
        28          0          0          0          0          0   __scatter_zi.o
        22          0          0          0          0        100   _rserrno.o
        10          0          0          0          0         68   defsig_exit.o
        50          0          0          0          0         88   defsig_general.o
        80         58          0          0          0         76   defsig_rtmem_inner.o
        14          0          0          0          0         80   defsig_rtmem_outer.o
        18          0          0          0          0         80   exit.o
        94          0          0          0          0         80   h1_alloc.o
        52          0          0          0          0         68   h1_extend.o
        78          0          0          0          0         80   h1_free.o
        14          0          0          0          0         84   h1_init.o
         6          0          0          0          0        152   heapauxi.o
         4          0          0          0          0        136   hguard.o
         0          0          0          0          0          0   indicate_semi.o
       138          0          0          0          0        168   init_alloc.o
         2          0          0          0          0          0   libinit.o
        10          0          0          0          0          0   libinit2.o
         2          0          0          0          0          0   libshutdown.o
         2          0          0          0          0          0   libshutdown2.o
         8          4          0          0         96         68   libspace.o
         0          0          0          0          0          0   maybetermalloc1.o
         8          4          0          0          0         68   rt_errno_addr_intlibspace.o
         8          4          0          0          0         68   rt_heap_descriptor_intlibspace.o
       100          0          0          0          0         80   rt_memcpy_w.o
         2          0          0          0          0          0   rtexit.o
        10          0          0          0          0          0   rtexit2.o
        12          4          0          0          0         68   sys_exit.o
        74          0          0          0          0         80   sys_stackheap_outer.o
        14          0          0          0          0         76   sys_wrch.o
         2          0          0          0          0         68   use_no_semi.o
        98          4          0          0          0         92   d2f.o
       834         16          0          0          0        372   daddsub_clz.o
        16          4          0          0          0         68   dcheck1.o
        84          0          0          0          0        196   dcmp.o
        24          0          0          0          0         68   dcmpi.o
       692        140          0          0          0        216   ddiv.o
       120          4          0          0          0         92   deqf.o
        94          4          0          0          0         92   dfix.o
        84          0          0          0          0        136   dflt_clz.o
       120          4          0          0          0         92   dgeqf.o
       120          4          0          0          0         92   dleqf.o
       340         12          0          0          0        104   dmul.o
       156          4          0          0          0         92   dnaninf.o
        12          0          0          0          0         68   dretinf.o
       460         56          0          0          0        120   dsqrt_noumaal.o
        86          4          0          0          0         84   f2d.o
       430          8          0          0          0        168   faddsub_clz.o
        84          0          0          0          0        196   fcmp.o
        24          0          0          0          0         68   fcmpi.o
       388         76          0          0          0         96   fdiv.o
       104          4          0          0          0         84   feqf.o
        54          4          0          0          0         84   ffix.o
        86          0          0          0          0        136   fflt_clz.o
        96          0          0          0          0         84   ffltll_clz.o
       104          4          0          0          0         84   fgeqf.o
       104          4          0          0          0         84   fleqf.o
       258          4          0          0          0         84   fmul.o
       140          4          0          0          0         84   fnaninf.o
        10          0          0          0          0         68   fretinf.o
       272        100          0          0          0         88   fsqrt.o
       100          0          0          0          0         68   retnan.o
        92          0          0          0          0         68   scalbn.o
        48          0          0          0          0         68   trapv.o
         0          0          0          0          0          0   usenofp.o
       636         62         80          0          0        188   acos.o
       156          8          0          0          0        104   cos.o
       252         22         48          0          0        124   cos_i.o
        34          6          0          0          0        204   dunder.o
        40          0          0          0          0         68   fpclassify.o
       170          0          0          0          0         96   poly.o
       904         76        204          0          0        140   rred.o
       160         10          0          0          0        108   sin.o
       236         12         40          0          0        128   sin_i.o
        76          0          0          0          0         84   sqrt.o
        44          0          0          0          0         80   sqrtf.o

    ----------------------------------------------------------------------
      9438        742        376          0         96       6824   Library Totals
        30          0          4          0          0          0   (incl. Padding)

    ----------------------------------------------------------------------

      Code (inc. data)   RO Data    RW Data    ZI Data      Debug   Library Name

       966         82          0          0         96       1904   c_w.l
      5734        464          0          0          0       3596   fz_ws.l
      2708        196        372          0          0       1324   m_ws.l

    ----------------------------------------------------------------------
      9438        742        376          0         96       6824   Library Totals

    ----------------------------------------------------------------------

==============================================================================


      Code (inc. data)   RO Data    RW Data    ZI Data      Debug   

     40148        860        804         20       6596     321713   Grand Totals
     40148        860        804         20       6596     321713   ELF Image Totals
     40148        860        804         20          0          0   ROM Totals

==============================================================================

    Total RO  Size (Code + RO Data)                40952 (  39.99kB)
    Total RW  Size (RW Data + ZI Data)              6616 (   6.46kB)
    Total ROM Size (Code + RO Data + RW Data)      40972 (  40.01kB)

==============================================================================

